Component: Arm Compiler for Embedded 6.18 Tool: armlink [5e4cc100]

==============================================================================

Section Cross References

    usbd_conf.o(.text.HAL_PCD_MspInit) refers to stm32f1xx_hal_cortex.o(.text.HAL_NVIC_SetPriority) for HAL_NVIC_SetPriority
    usbd_conf.o(.text.HAL_PCD_MspInit) refers to stm32f1xx_hal_cortex.o(.text.HAL_NVIC_EnableIRQ) for HAL_NVIC_EnableIRQ
    usbd_conf.o(.ARM.exidx.text.HAL_PCD_MspInit) refers to usbd_conf.o(.text.HAL_PCD_MspInit) for [Anonymous Symbol]
    usbd_conf.o(.text.HAL_PCD_MspDeInit) refers to stm32f1xx_hal_cortex.o(.text.HAL_NVIC_DisableIRQ) for HAL_NVIC_DisableIRQ
    usbd_conf.o(.ARM.exidx.text.HAL_PCD_MspDeInit) refers to usbd_conf.o(.text.HAL_PCD_MspDeInit) for [Anonymous Symbol]
    usbd_conf.o(.text.HAL_PCD_SetupStageCallback) refers to usbd_core.o(.text.USBD_LL_SetupStage) for USBD_LL_SetupStage
    usbd_conf.o(.ARM.exidx.text.HAL_PCD_SetupStageCallback) refers to usbd_conf.o(.text.HAL_PCD_SetupStageCallback) for [Anonymous Symbol]
    usbd_conf.o(.text.HAL_PCD_DataOutStageCallback) refers to usbd_core.o(.text.USBD_LL_DataOutStage) for USBD_LL_DataOutStage
    usbd_conf.o(.ARM.exidx.text.HAL_PCD_DataOutStageCallback) refers to usbd_conf.o(.text.HAL_PCD_DataOutStageCallback) for [Anonymous Symbol]
    usbd_conf.o(.text.HAL_PCD_DataInStageCallback) refers to usbd_core.o(.text.USBD_LL_DataInStage) for USBD_LL_DataInStage
    usbd_conf.o(.ARM.exidx.text.HAL_PCD_DataInStageCallback) refers to usbd_conf.o(.text.HAL_PCD_DataInStageCallback) for [Anonymous Symbol]
    usbd_conf.o(.text.HAL_PCD_SOFCallback) refers to usbd_core.o(.text.USBD_LL_SOF) for USBD_LL_SOF
    usbd_conf.o(.ARM.exidx.text.HAL_PCD_SOFCallback) refers to usbd_conf.o(.text.HAL_PCD_SOFCallback) for [Anonymous Symbol]
    usbd_conf.o(.text.HAL_PCD_ResetCallback) refers to usbd_core.o(.text.USBD_LL_SetSpeed) for USBD_LL_SetSpeed
    usbd_conf.o(.text.HAL_PCD_ResetCallback) refers to usbd_core.o(.text.USBD_LL_Reset) for USBD_LL_Reset
    usbd_conf.o(.ARM.exidx.text.HAL_PCD_ResetCallback) refers to usbd_conf.o(.text.HAL_PCD_ResetCallback) for [Anonymous Symbol]
    usbd_conf.o(.text.HAL_PCD_SuspendCallback) refers to usbd_core.o(.text.USBD_LL_Suspend) for USBD_LL_Suspend
    usbd_conf.o(.ARM.exidx.text.HAL_PCD_SuspendCallback) refers to usbd_conf.o(.text.HAL_PCD_SuspendCallback) for [Anonymous Symbol]
    usbd_conf.o(.text.HAL_PCD_ResumeCallback) refers to usbd_core.o(.text.USBD_LL_Resume) for USBD_LL_Resume
    usbd_conf.o(.ARM.exidx.text.HAL_PCD_ResumeCallback) refers to usbd_conf.o(.text.HAL_PCD_ResumeCallback) for [Anonymous Symbol]
    usbd_conf.o(.text.HAL_PCD_ISOOUTIncompleteCallback) refers to usbd_core.o(.text.USBD_LL_IsoOUTIncomplete) for USBD_LL_IsoOUTIncomplete
    usbd_conf.o(.ARM.exidx.text.HAL_PCD_ISOOUTIncompleteCallback) refers to usbd_conf.o(.text.HAL_PCD_ISOOUTIncompleteCallback) for [Anonymous Symbol]
    usbd_conf.o(.text.HAL_PCD_ISOINIncompleteCallback) refers to usbd_core.o(.text.USBD_LL_IsoINIncomplete) for USBD_LL_IsoINIncomplete
    usbd_conf.o(.ARM.exidx.text.HAL_PCD_ISOINIncompleteCallback) refers to usbd_conf.o(.text.HAL_PCD_ISOINIncompleteCallback) for [Anonymous Symbol]
    usbd_conf.o(.text.HAL_PCD_ConnectCallback) refers to usbd_core.o(.text.USBD_LL_DevConnected) for USBD_LL_DevConnected
    usbd_conf.o(.ARM.exidx.text.HAL_PCD_ConnectCallback) refers to usbd_conf.o(.text.HAL_PCD_ConnectCallback) for [Anonymous Symbol]
    usbd_conf.o(.text.HAL_PCD_DisconnectCallback) refers to usbd_core.o(.text.USBD_LL_DevDisconnected) for USBD_LL_DevDisconnected
    usbd_conf.o(.ARM.exidx.text.HAL_PCD_DisconnectCallback) refers to usbd_conf.o(.text.HAL_PCD_DisconnectCallback) for [Anonymous Symbol]
    usbd_conf.o(.text.USBD_LL_Init) refers to usbd_conf.o(.bss.hpcd_USB_FS) for hpcd_USB_FS
    usbd_conf.o(.text.USBD_LL_Init) refers to stm32f1xx_hal_pcd.o(.text.HAL_PCD_Init) for HAL_PCD_Init
    usbd_conf.o(.text.USBD_LL_Init) refers to stm32f1xx_hal_pcd_ex.o(.text.HAL_PCDEx_PMAConfig) for HAL_PCDEx_PMAConfig
    usbd_conf.o(.ARM.exidx.text.USBD_LL_Init) refers to usbd_conf.o(.text.USBD_LL_Init) for [Anonymous Symbol]
    usbd_conf.o(.text.USBD_LL_DeInit) refers to stm32f1xx_hal_pcd.o(.text.HAL_PCD_DeInit) for HAL_PCD_DeInit
    usbd_conf.o(.ARM.exidx.text.USBD_LL_DeInit) refers to usbd_conf.o(.text.USBD_LL_DeInit) for [Anonymous Symbol]
    usbd_conf.o(.text.USBD_LL_Start) refers to stm32f1xx_hal_pcd.o(.text.HAL_PCD_Start) for HAL_PCD_Start
    usbd_conf.o(.ARM.exidx.text.USBD_LL_Start) refers to usbd_conf.o(.text.USBD_LL_Start) for [Anonymous Symbol]
    usbd_conf.o(.text.USBD_LL_Stop) refers to stm32f1xx_hal_pcd.o(.text.HAL_PCD_Stop) for HAL_PCD_Stop
    usbd_conf.o(.ARM.exidx.text.USBD_LL_Stop) refers to usbd_conf.o(.text.USBD_LL_Stop) for [Anonymous Symbol]
    usbd_conf.o(.text.USBD_LL_OpenEP) refers to stm32f1xx_hal_pcd.o(.text.HAL_PCD_EP_Open) for HAL_PCD_EP_Open
[...]
    Removing stm32f1xx_hal.o(.text.HAL_ResumeTick), (18 bytes).
    Removing stm32f1xx_hal.o(.ARM.exidx.text.HAL_ResumeTick), (8 bytes).
    Removing stm32f1xx_hal.o(.text.HAL_GetHalVersion), (10 bytes).
    Removing stm32f1xx_hal.o(.ARM.exidx.text.HAL_GetHalVersion), (8 bytes).
    Removing stm32f1xx_hal.o(.text.HAL_GetREVID), (28 bytes).
    Removing stm32f1xx_hal.o(.ARM.exidx.text.HAL_GetREVID), (8 bytes).
    Removing stm32f1xx_hal.o(.text.HAL_GetDEVID), (16 bytes).
    Removing stm32f1xx_hal.o(.ARM.exidx.text.HAL_GetDEVID), (8 bytes).
    Removing stm32f1xx_hal.o(.text.HAL_DBGMCU_EnableDBGSleepMode), (18 bytes).
    Removing stm32f1xx_hal.o(.ARM.exidx.text.HAL_DBGMCU_EnableDBGSleepMode), (8 bytes).
    Removing stm32f1xx_hal.o(.text.HAL_DBGMCU_DisableDBGSleepMode), (18 bytes).
    Removing stm32f1xx_hal.o(.ARM.exidx.text.HAL_DBGMCU_DisableDBGSleepMode), (8 bytes).
    Removing stm32f1xx_hal.o(.text.HAL_DBGMCU_EnableDBGStopMode), (18 bytes).
    Removing stm32f1xx_hal.o(.ARM.exidx.text.HAL_DBGMCU_EnableDBGStopMode), (8 bytes).
    Removing stm32f1xx_hal.o(.text.HAL_DBGMCU_DisableDBGStopMode), (18 bytes).
    Removing stm32f1xx_hal.o(.ARM.exidx.text.HAL_DBGMCU_DisableDBGStopMode), (8 bytes).
    Removing stm32f1xx_hal.o(.text.HAL_DBGMCU_EnableDBGStandbyMode), (18 bytes).
    Removing stm32f1xx_hal.o(.ARM.exidx.text.HAL_DBGMCU_EnableDBGStandbyMode), (8 bytes).
    Removing stm32f1xx_hal.o(.text.HAL_DBGMCU_DisableDBGStandbyMode), (18 bytes).
    Removing stm32f1xx_hal.o(.ARM.exidx.text.HAL_DBGMCU_DisableDBGStandbyMode), (8 bytes).
    Removing system_stm32f1xx.o(.text), (0 bytes).
    Removing system_stm32f1xx.o(.ARM.exidx.text.SystemInit), (8 bytes).
    Removing system_stm32f1xx.o(.text.SystemCoreClockUpdate), (112 bytes).
    Removing system_stm32f1xx.o(.ARM.exidx.text.SystemCoreClockUpdate), (8 bytes).
    Removing system_stm32f1xx.o(.rodata.AHBPrescTable), (16 bytes).
    Removing usbd_customhid.o(.text), (0 bytes).
    Removing usbd_customhid.o(.ARM.exidx.text.USBD_CUSTOM_HID_Init), (8 bytes).
    Removing usbd_customhid.o(.ARM.exidx.text.USBD_CUSTOM_HID_DeInit), (8 bytes).
    Removing usbd_customhid.o(.ARM.exidx.text.USBD_CUSTOM_HID_Setup), (8 bytes).
    Removing usbd_customhid.o(.ARM.exidx.text.USBD_CUSTOM_HID_EP0_RxReady), (8 bytes).
    Removing usbd_customhid.o(.ARM.exidx.text.USBD_CUSTOM_HID_DataIn), (8 bytes).
    Removing usbd_customhid.o(.ARM.exidx.text.USBD_CUSTOM_HID_DataOut), (8 bytes).
    Removing usbd_customhid.o(.ARM.exidx.text.USBD_CUSTOM_HID_GetCfgDesc), (8 bytes).
    Removing usbd_customhid.o(.ARM.exidx.text.USBD_CUSTOM_HID_GetDeviceQualifierDesc), (8 bytes).
    Removing usbd_customhid.o(.ARM.exidx.text.USBD_CUSTOM_HID_SendReport), (8 bytes).
    Removing usbd_customhid.o(.ARM.exidx.text.USBD_CUSTOM_HID_RegisterInterface), (8 bytes).
    Removing usbd_ctlreq.o(.text), (0 bytes).
    Removing usbd_ctlreq.o(.ARM.exidx.text.USBD_StdDevReq), (8 bytes).
    Removing usbd_ctlreq.o(.ARM.exidx.text.USBD_CtlError), (8 bytes).
    Removing usbd_ctlreq.o(.ARM.exidx.text.USBD_StdItfReq), (8 bytes).
    Removing usbd_ctlreq.o(.ARM.exidx.text.USBD_StdEPReq), (8 bytes).
    Removing usbd_ctlreq.o(.ARM.exidx.text.USBD_ParseSetupRequest), (8 bytes).
    Removing usbd_ctlreq.o(.ARM.exidx.text.USBD_GetString), (8 bytes).
    Removing usbd_core.o(.text), (0 bytes).
    Removing usbd_core.o(.ARM.exidx.text.USBD_Init), (8 bytes).
    Removing usbd_core.o(.text.USBD_DeInit), (38 bytes).
    Removing usbd_core.o(.ARM.exidx.text.USBD_DeInit), (8 bytes).
    Removing usbd_core.o(.ARM.exidx.text.USBD_RegisterClass), (8 bytes).
    Removing usbd_core.o(.ARM.exidx.text.USBD_Start), (8 bytes).
    Removing usbd_core.o(.text.USBD_Stop), (26 bytes).
    Removing usbd_core.o(.ARM.exidx.text.USBD_Stop), (8 bytes).
    Removing usbd_core.o(.text.USBD_RunTestMode), (4 bytes).
    Removing usbd_core.o(.ARM.exidx.text.USBD_RunTestMode), (8 bytes).
    Removing usbd_core.o(.ARM.exidx.text.USBD_SetClassConfig), (8 bytes).
    Removing usbd_core.o(.ARM.exidx.text.USBD_ClrClassConfig), (8 bytes).
    Removing usbd_core.o(.ARM.exidx.text.USBD_LL_SetupStage), (8 bytes).
    Removing usbd_core.o(.ARM.exidx.text.USBD_LL_DataOutStage), (8 bytes).
    Removing usbd_core.o(.ARM.exidx.text.USBD_LL_DataInStage), (8 bytes).
    Removing usbd_core.o(.ARM.exidx.text.USBD_LL_Reset), (8 bytes).
    Removing usbd_core.o(.ARM.exidx.text.USBD_LL_SetSpeed), (8 bytes).
    Removing usbd_core.o(.ARM.exidx.text.USBD_LL_Suspend), (8 bytes).
    Removing usbd_core.o(.ARM.exidx.text.USBD_LL_Resume), (8 bytes).
    Removing usbd_core.o(.ARM.exidx.text.USBD_LL_SOF), (8 bytes).
    Removing usbd_core.o(.text.USBD_LL_IsoINIncomplete), (4 bytes).
    Removing usbd_core.o(.ARM.exidx.text.USBD_LL_IsoINIncomplete), (8 bytes).
    Removing usbd_core.o(.text.USBD_LL_IsoOUTIncomplete), (4 bytes).
    Removing usbd_core.o(.ARM.exidx.text.USBD_LL_IsoOUTIncomplete), (8 bytes).
    Removing usbd_core.o(.text.USBD_LL_DevConnected), (4 bytes).
    Removing usbd_core.o(.ARM.exidx.text.USBD_LL_DevConnected), (8 bytes).
    Removing usbd_core.o(.text.USBD_LL_DevDisconnected), (22 bytes).
    Removing usbd_core.o(.ARM.exidx.text.USBD_LL_DevDisconnected), (8 bytes).
    Removing usbd_ioreq.o(.text), (0 bytes).
    Removing usbd_ioreq.o(.ARM.exidx.text.USBD_CtlSendData), (8 bytes).
    Removing usbd_ioreq.o(.ARM.exidx.text.USBD_CtlContinueSendData), (8 bytes).
    Removing usbd_ioreq.o(.ARM.exidx.text.USBD_CtlPrepareRx), (8 bytes).
    Removing usbd_ioreq.o(.ARM.exidx.text.USBD_CtlContinueRx), (8 bytes).
    Removing usbd_ioreq.o(.ARM.exidx.text.USBD_CtlSendStatus), (8 bytes).
    Removing usbd_ioreq.o(.ARM.exidx.text.USBD_CtlReceiveStatus), (8 bytes).
    Removing usbd_ioreq.o(.text.USBD_GetRxCount), (10 bytes).
    Removing usbd_ioreq.o(.ARM.exidx.text.USBD_GetRxCount), (8 bytes).

559 unused section(s) (total 18375 bytes) removed from the image.

==============================================================================

Image Symbol Table

    Local Symbols

    Symbol Name                              Value     Ov Type        Size  Object(Section)

    ../clib/../cmprslib/zerorunl2.c          0x00000000   Number         0  __dczerorl2.o ABSOLUTE
    ../clib/microlib/init/entry.s            0x00000000   Number         0  entry.o ABSOLUTE
    ../clib/microlib/init/entry.s            0x00000000   Number         0  entry2.o ABSOLUTE
    ../clib/microlib/init/entry.s            0x00000000   Number         0  entry5.o ABSOLUTE
    ../clib/microlib/init/entry.s            0x00000000   Number         0  entry7a.o ABSOLUTE
    ../clib/microlib/init/entry.s            0x00000000   Number         0  entry7b.o ABSOLUTE
    ../clib/microlib/init/entry.s            0x00000000   Number         0  entry8a.o ABSOLUTE
    ../clib/microlib/init/entry.s            0x00000000   Number         0  entry8b.o ABSOLUTE
    ../clib/microlib/init/entry.s            0x00000000   Number         0  entry9a.o ABSOLUTE
    ../clib/microlib/init/entry.s            0x00000000   Number         0  entry9b.o ABSOLUTE
    ../clib/microlib/init/entry.s            0x00000000   Number         0  entry10a.o ABSOLUTE
    ../clib/microlib/init/entry.s            0x00000000   Number         0  entry10b.o ABSOLUTE
    ../clib/microlib/init/entry.s            0x00000000   Number         0  entry11a.o ABSOLUTE
    ../clib/microlib/init/entry.s            0x00000000   Number         0  entry11b.o ABSOLUTE
    dc.s                                     0x00000000   Number         0  dc.o ABSOLUTE
    handlers.s                               0x00000000   Number         0  handlers.o ABSOLUTE
    init.s                                   0x00000000   Number         0  init.o ABSOLUTE
    main.c                                   0x00000000   Number         0  main.o ABSOLUTE
    startup_stm32f103xb.s                    0x00000000   Number         0  startup_stm32f103xb.o ABSOLUTE
    stm32_xinput.c                           0x00000000   Number         0  stm32_xinput.o ABSOLUTE
    stm32f1xx_hal.c                          0x00000000   Number         0  stm32f1xx_hal.o ABSOLUTE
    stm32f1xx_hal_adc.c                      0x00000000   Number         0  stm32f1xx_hal_adc.o ABSOLUTE
    stm32f1xx_hal_adc_ex.c                   0x00000000   Number         0  stm32f1xx_hal_adc_ex.o ABSOLUTE
    stm32f1xx_hal_cortex.c                   0x00000000   Number         0  stm32f1xx_hal_cortex.o ABSOLUTE
    stm32f1xx_hal_dma.c                      0x00000000   Number         0  stm32f1xx_hal_dma.o ABSOLUTE
    stm32f1xx_hal_flash.c                    0x00000000   Number         0  stm32f1xx_hal_flash.o ABSOLUTE
    stm32f1xx_hal_flash_ex.c                 0x00000000   Number         0  stm32f1xx_hal_flash_ex.o ABSOLUTE
    stm32f1xx_hal_gpio.c                     0x00000000   Number         0  stm32f1xx_hal_gpio.o ABSOLUTE
    stm32f1xx_hal_msp.c                      0x00000000   Number         0  stm32f1xx_hal_msp.o ABSOLUTE
    stm32f1xx_hal_pcd.c                      0x00000000   Number         0  stm32f1xx_hal_pcd.o ABSOLUTE
    stm32f1xx_hal_pcd_ex.c                   0x00000000   Number         0  stm32f1xx_hal_pcd_ex.o ABSOLUTE
    stm32f1xx_hal_pwr.c                      0x00000000   Number         0  stm32f1xx_hal_pwr.o ABSOLUTE
    stm32f1xx_hal_rcc.c                      0x00000000   Number         0  stm32f1xx_hal_rcc.o ABSOLUTE
    stm32f1xx_hal_rcc_ex.c                   0x00000000   Number         0  stm32f1xx_hal_rcc_ex.o ABSOLUTE
    stm32f1xx_hal_tim.c                      0x00000000   Number         0  stm32f1xx_hal_tim.o ABSOLUTE
    stm32f1xx_hal_tim_ex.c                   0x00000000   Number         0  stm32f1xx_hal_tim_ex.o ABSOLUTE
    stm32f1xx_it.c                           0x00000000   Number         0  stm32f1xx_it.o ABSOLUTE
    stm32f1xx_ll_usb.c                       0x00000000   Number         0  stm32f1xx_ll_usb.o ABSOLUTE
    system_stm32f1xx.c                       0x00000000   Number         0  system_stm32f1xx.o ABSOLUTE
    usb_device.c                             0x00000000   Number         0  usb_device.o ABSOLUTE
    usb_xinput.c                             0x00000000   Number         0  usb_xinput.o ABSOLUTE
    usbd_conf.c                              0x00000000   Number         0  usbd_conf.o ABSOLUTE
    usbd_core.c                              0x00000000   Number         0  usbd_core.o ABSOLUTE
    usbd_ctlreq.c                            0x00000000   Number         0  usbd_ctlreq.o ABSOLUTE
    usbd_custom_hid_if.c                     0x00000000   Number         0  usbd_custom_hid_if.o ABSOLUTE
    usbd_customhid.c                         0x00000000   Number         0  usbd_customhid.o ABSOLUTE
    usbd_desc.c                              0x00000000   Number         0  usbd_desc.o ABSOLUTE
    usbd_ioreq.c                             0x00000000   Number         0  usbd_ioreq.o ABSOLUTE
    xinput.c                                 0x00000000   Number         0  xinput.o ABSOLUTE
    RESET                                    0x08000000   Section      236  startup_stm32f103xb.o(RESET)
    .ARM.Collect$$$$00000000                 0x080000ec   Section        0  entry.o(.ARM.Collect$$$$00000000)
    .ARM.Collect$$$$00000001                 0x080000ec   Section        4  entry2.o(.ARM.Collect$$$$00000001)
    .ARM.Collect$$$$00000004                 0x080000f0   Section        4  entry5.o(.ARM.Collect$$$$00000004)
    .ARM.Collect$$$$00000008                 0x080000f4   Section        0  entry7b.o(.ARM.Collect$$$$00000008)
    .ARM.Collect$$$$0000000A                 0x080000f4   Section        0  entry8b.o(.ARM.Collect$$$$0000000A)
    .ARM.Collect$$$$0000000B                 0x080000f4   Section        8  entry9a.o(.ARM.Collect$$$$0000000B)
    __lit__00000000                          0x080000fc   Data           4  entry2.o(.ARM.Collect$$$$00002712)
    .ARM.Collect$$$$0000000D                 0x080000fc   Section        0  entry10a.o(.ARM.Collect$$$$0000000D)
    .ARM.Collect$$$$0000000F                 0x080000fc   Section        0  entry11a.o(.ARM.Collect$$$$0000000F)
    .ARM.Collect$$$$00002712                 0x080000fc   Section        4  entry2.o(.ARM.Collect$$$$00002712)
    .text                                    0x08000100   Section       36  startup_stm32f103xb.o(.text)
    .text                                    0x08000124   Section       36  init.o(.text)
    .text                                    0x08000148   Section        0  __dczerorl2.o(.text)
    [Anonymous Symbol]                       0x080001a0   Section        0  stm32f1xx_hal_adc.o(.text.ADC_DMAConvCplt)
    [Anonymous Symbol]                       0x080001f4   Section        0  stm32f1xx_hal_adc.o(.text.ADC_DMAError)
    [Anonymous Symbol]                       0x0800020c   Section        0  stm32f1xx_hal_adc.o(.text.ADC_DMAHalfConvCplt)
    [Anonymous Symbol]                       0x08000214   Section        0  stm32f1xx_it.o(.text.BusFault_Handler)
    CUSTOM_HID_DeInit_FS                     0x08000219   Thumb Code     4  usbd_custom_hid_if.o(.text.CUSTOM_HID_DeInit_FS)
    [Anonymous Symbol]                       0x08000218   Section        0  usbd_custom_hid_if.o(.text.CUSTOM_HID_DeInit_FS)
    CUSTOM_HID_Init_FS                       0x0800021d   Thumb Code    22  usbd_custom_hid_if.o(.text.CUSTOM_HID_Init_FS)
    [Anonymous Symbol]                       0x0800021c   Section        0  usbd_custom_hid_if.o(.text.CUSTOM_HID_Init_FS)
    CUSTOM_HID_OutEvent_FS                   0x08000235   Thumb Code    68  usbd_custom_hid_if.o(.text.CUSTOM_HID_OutEvent_FS)
    [Anonymous Symbol]                       0x08000234   Section        0  usbd_custom_hid_if.o(.text.CUSTOM_HID_OutEvent_FS)
    [Anonymous Symbol]                       0x08000278   Section        0  stm32f1xx_it.o(.text.DMA1_Channel1_IRQHandler)
    [Anonymous Symbol]                       0x08000284   Section        0  stm32f1xx_it.o(.text.DebugMon_Handler)
    [Anonymous Symbol]                       0x08000288   Section        0  stm32f1xx_it.o(.text.EXTI9_5_IRQHandler)
    [Anonymous Symbol]                       0x08000290   Section        0  stm32f1xx_hal_adc.o(.text.HAL_ADC_ConfigChannel)
    [Anonymous Symbol]                       0x0800048c   Section        0  main.o(.text.HAL_ADC_ConvCpltCallback)
    [Anonymous Symbol]                       0x080004f8   Section        0  stm32f1xx_hal_adc.o(.text.HAL_ADC_ConvHalfCpltCallback)
    [Anonymous Symbol]                       0x080004fc   Section        0  stm32f1xx_hal_adc.o(.text.HAL_ADC_ErrorCallback)
    [Anonymous Symbol]                       0x08000500   Section        0  stm32f1xx_hal_adc.o(.text.HAL_ADC_Init)
    [Anonymous Symbol]                       0x0800066c   Section        0  stm32f1xx_hal_msp.o(.text.HAL_ADC_MspInit)
    [Anonymous Symbol]                       0x080006ec   Section        0  stm32f1xx_hal_adc.o(.text.HAL_ADC_Start_DMA)
    [Anonymous Symbol]                       0x08000894   Section        0  stm32f1xx_hal_adc.o(.text.HAL_ADC_Start_IT)
    [Anonymous Symbol]                       0x080009ec   Section        0  stm32f1xx_hal_dma.o(.text.HAL_DMA_IRQHandler)
    [Anonymous Symbol]                       0x08000d04   Section        0  stm32f1xx_hal_dma.o(.text.HAL_DMA_Init)
    [Anonymous Symbol]                       0x08000d64   Section        0  stm32f1xx_hal_dma.o(.text.HAL_DMA_Start_IT)
    [Anonymous Symbol]                       0x08000dd8   Section        0  stm32f1xx_hal.o(.text.HAL_Delay)
    [Anonymous Symbol]                       0x08000df4   Section        0  main.o(.text.HAL_GPIO_EXTI_Callback)
    [Anonymous Symbol]                       0x08000df8   Section        0  stm32f1xx_hal_gpio.o(.text.HAL_GPIO_EXTI_IRQHandler)
    [Anonymous Symbol]                       0x08000e10   Section        0  stm32f1xx_hal_gpio.o(.text.HAL_GPIO_Init)
    [Anonymous Symbol]                       0x0800101c   Section        0  stm32f1xx_hal_gpio.o(.text.HAL_GPIO_ReadPin)
    [Anonymous Symbol]                       0x08001028   Section        0  stm32f1xx_hal.o(.text.HAL_GetTick)
    [Anonymous Symbol]                       0x08001034   Section        0  stm32f1xx_hal.o(.text.HAL_IncTick)
    [Anonymous Symbol]                       0x08001044   Section        0  stm32f1xx_hal.o(.text.HAL_Init)
    [Anonymous Symbol]                       0x0800106c   Section        0  stm32f1xx_hal.o(.text.HAL_InitTick)
    [Anonymous Symbol]                       0x08001098   Section        0  stm32f1xx_hal_msp.o(.text.HAL_MspInit)
    [Anonymous Symbol]                       0x0800110c   Section        0  stm32f1xx_hal_cortex.o(.text.HAL_NVIC_EnableIRQ)
    [Anonymous Symbol]                       0x08001128   Section        0  stm32f1xx_hal_cortex.o(.text.HAL_NVIC_SetPriority)
    [Anonymous Symbol]                       0x08001180   Section        0  stm32f1xx_hal_cortex.o(.text.HAL_NVIC_SetPriorityGrouping)
    [Anonymous Symbol]                       0x080011a0   Section        0  stm32f1xx_hal_pcd_ex.o(.text.HAL_PCDEx_PMAConfig)
    [Anonymous Symbol]                       0x080011d0   Section        0  usbd_conf.o(.text.HAL_PCDEx_SetConnectionState)
    [Anonymous Symbol]                       0x080011d4   Section        0  usbd_conf.o(.text.HAL_PCD_DataInStageCallback)
    [Anonymous Symbol]                       0x080011e4   Section        0  usbd_conf.o(.text.HAL_PCD_DataOutStageCallback)
    [Anonymous Symbol]                       0x080011f8   Section        0  stm32f1xx_hal_pcd.o(.text.HAL_PCD_EP_Close)
    [Anonymous Symbol]                       0x08001238   Section        0  stm32f1xx_hal_pcd.o(.text.HAL_PCD_EP_ClrStall)
    [Anonymous Symbol]                       0x08001280   Section        0  stm32f1xx_hal_pcd.o(.text.HAL_PCD_EP_Open)
    [Anonymous Symbol]                       0x080012cc   Section        0  stm32f1xx_hal_pcd.o(.text.HAL_PCD_EP_Receive)
    [Anonymous Symbol]                       0x08001310   Section        0  stm32f1xx_hal_pcd.o(.text.HAL_PCD_EP_SetStall)
    [Anonymous Symbol]                       0x0800136c   Section        0  stm32f1xx_hal_pcd.o(.text.HAL_PCD_EP_Transmit)
    [Anonymous Symbol]                       0x080013a8   Section        0  stm32f1xx_hal_pcd.o(.text.HAL_PCD_IRQHandler)
    [Anonymous Symbol]                       0x080018d4   Section        0  stm32f1xx_hal_pcd.o(.text.HAL_PCD_Init)
    [Anonymous Symbol]                       0x08001c3c   Section        0  usbd_conf.o(.text.HAL_PCD_MspInit)
    [Anonymous Symbol]                       0x08001c84   Section        0  usbd_conf.o(.text.HAL_PCD_ResetCallback)
    [Anonymous Symbol]                       0x08001ca0   Section        0  usbd_conf.o(.text.HAL_PCD_ResumeCallback)
    [Anonymous Symbol]                       0x08001ca8   Section        0  usbd_conf.o(.text.HAL_PCD_SOFCallback)
    [Anonymous Symbol]                       0x08001cb0   Section        0  stm32f1xx_hal_pcd.o(.text.HAL_PCD_SetAddress)
    [Anonymous Symbol]                       0x08001cd8   Section        0  usbd_conf.o(.text.HAL_PCD_SetupStageCallback)
    [Anonymous Symbol]                       0x08001ce8   Section        0  stm32f1xx_hal_pcd.o(.text.HAL_PCD_Start)
    [Anonymous Symbol]                       0x08001d1c   Section        0  usbd_conf.o(.text.HAL_PCD_SuspendCallback)
    [Anonymous Symbol]                       0x08001d44   Section        0  stm32f1xx_hal_rcc_ex.o(.text.HAL_RCCEx_PeriphCLKConfig)
    [Anonymous Symbol]                       0x08001e6c   Section        0  stm32f1xx_hal_rcc.o(.text.HAL_RCC_ClockConfig)
    [Anonymous Symbol]                       0x080020dc   Section        0  stm32f1xx_hal_rcc.o(.text.HAL_RCC_GetHCLKFreq)
    [Anonymous Symbol]                       0x08002180   Section        0  stm32f1xx_hal_rcc.o(.text.HAL_RCC_OscConfig)
    [Anonymous Symbol]                       0x080026d8   Section        0  stm32f1xx_hal_cortex.o(.text.HAL_SYSTICK_CLKSourceConfig)
    [Anonymous Symbol]                       0x080026f0   Section        0  stm32f1xx_hal_cortex.o(.text.HAL_SYSTICK_Callback)
    [Anonymous Symbol]                       0x080026f4   Section        0  stm32f1xx_hal_cortex.o(.text.HAL_SYSTICK_Config)
    [Anonymous Symbol]                       0x08002720   Section        0  stm32f1xx_hal_cortex.o(.text.HAL_SYSTICK_IRQHandler)
    [Anonymous Symbol]                       0x08002724   Section        0  stm32f1xx_it.o(.text.HardFault_Handler)
    [Anonymous Symbol]                       0x08002728   Section        0  usb_device.o(.text.MX_USB_DEVICE_Init)
    [Anonymous Symbol]                       0x08002768   Section        0  stm32f1xx_it.o(.text.MemManage_Handler)
    [Anonymous Symbol]                       0x0800276c   Section        0  stm32f1xx_it.o(.text.NMI_Handler)
    [Anonymous Symbol]                       0x08002770   Section        0  stm32f1xx_it.o(.text.SysTick_Handler)
    [Anonymous Symbol]                       0x08002780   Section        0  system_stm32f1xx.o(.text.SystemInit)
    USBD_CUSTOM_HID_DataIn                   0x080027d1   Thumb Code    12  usbd_customhid.o(.text.USBD_CUSTOM_HID_DataIn)
    [Anonymous Symbol]                       0x080027d0   Section        0  usbd_customhid.o(.text.USBD_CUSTOM_HID_DataIn)
    USBD_CUSTOM_HID_DataOut                  0x080027dd   Thumb Code    58  usbd_customhid.o(.text.USBD_CUSTOM_HID_DataOut)
    [Anonymous Symbol]                       0x080027dc   Section        0  usbd_customhid.o(.text.USBD_CUSTOM_HID_DataOut)
    USBD_CUSTOM_HID_DeInit                   0x08002819   Thumb Code    50  usbd_customhid.o(.text.USBD_CUSTOM_HID_DeInit)
    [Anonymous Symbol]                       0x08002818   Section        0  usbd_customhid.o(.text.USBD_CUSTOM_HID_DeInit)
    USBD_CUSTOM_HID_EP0_RxReady              0x0800284d   Thumb Code    32  usbd_customhid.o(.text.USBD_CUSTOM_HID_EP0_RxReady)
    [Anonymous Symbol]                       0x0800284c   Section        0  usbd_customhid.o(.text.USBD_CUSTOM_HID_EP0_RxReady)
    USBD_CUSTOM_HID_GetCfgDesc               0x0800286d   Thumb Code    16  usbd_customhid.o(.text.USBD_CUSTOM_HID_GetCfgDesc)
    [Anonymous Symbol]                       0x0800286c   Section        0  usbd_customhid.o(.text.USBD_CUSTOM_HID_GetCfgDesc)
    USBD_CUSTOM_HID_GetDeviceQualifierDesc   0x0800287d   Thumb Code    16  usbd_customhid.o(.text.USBD_CUSTOM_HID_GetDeviceQualifierDesc)
    [Anonymous Symbol]                       0x0800287c   Section        0  usbd_customhid.o(.text.USBD_CUSTOM_HID_GetDeviceQualifierDesc)
    USBD_CUSTOM_HID_Init                     0x0800288d   Thumb Code   108  usbd_customhid.o(.text.USBD_CUSTOM_HID_Init)
    [Anonymous Symbol]                       0x0800288c   Section        0  usbd_customhid.o(.text.USBD_CUSTOM_HID_Init)
    [Anonymous Symbol]                       0x080028f8   Section        0  usbd_customhid.o(.text.USBD_CUSTOM_HID_RegisterInterface)
    [Anonymous Symbol]                       0x08002908   Section        0  usbd_customhid.o(.text.USBD_CUSTOM_HID_SendReport)
    USBD_CUSTOM_HID_Setup                    0x08002935   Thumb Code   236  usbd_customhid.o(.text.USBD_CUSTOM_HID_Setup)
    [Anonymous Symbol]                       0x08002934   Section        0  usbd_customhid.o(.text.USBD_CUSTOM_HID_Setup)
    [Anonymous Symbol]                       0x08002a20   Section        0  usbd_core.o(.text.USBD_ClrClassConfig)
    [Anonymous Symbol]                       0x08002a30   Section        0  usbd_ioreq.o(.text.USBD_CtlContinueRx)
    [Anonymous Symbol]                       0x08002a40   Section        0  usbd_ioreq.o(.text.USBD_CtlContinueSendData)
    [Anonymous Symbol]                       0x08002a50   Section        0  usbd_ctlreq.o(.text.USBD_CtlError)
    [Anonymous Symbol]                       0x08002a68   Section        0  usbd_ioreq.o(.text.USBD_CtlPrepareRx)
    [Anonymous Symbol]                       0x08002a84   Section        0  usbd_ioreq.o(.text.USBD_CtlReceiveStatus)
    [Anonymous Symbol]                       0x08002a9c   Section        0  usbd_ioreq.o(.text.USBD_CtlSendData)
    [Anonymous Symbol]                       0x08002ab8   Section        0  usbd_ioreq.o(.text.USBD_CtlSendStatus)
    [Anonymous Symbol]                       0x08002ad0   Section        0  usbd_desc.o(.text.USBD_FS_ConfigStrDescriptor)
    [Anonymous Symbol]                       0x08002afc   Section        0  usbd_desc.o(.text.USBD_FS_DeviceDescriptor)
    [Anonymous Symbol]                       0x08002b0c   Section        0  usbd_desc.o(.text.USBD_FS_InterfaceStrDescriptor)
    [Anonymous Symbol]                       0x08002b2c   Section        0  usbd_desc.o(.text.USBD_FS_LangIDStrDescriptor)
    [Anonymous Symbol]                       0x08002b3c   Section        0  usbd_desc.o(.text.USBD_FS_ManufacturerStrDescriptor)
    [Anonymous Symbol]                       0x08002b60   Section        0  usbd_desc.o(.text.USBD_FS_ProductStrDescriptor)
    [Anonymous Symbol]                       0x08002b84   Section        0  usbd_desc.o(.text.USBD_FS_SerialStrDescriptor)
    [Anonymous Symbol]                       0x08002bac   Section        0  usbd_ctlreq.o(.text.USBD_GetString)
    [Anonymous Symbol]                       0x08002c88   Section        0  usbd_core.o(.text.USBD_Init)
    [Anonymous Symbol]                       0x08002cb8   Section        0  usbd_conf.o(.text.USBD_LL_ClearStallEP)
    [Anonymous Symbol]                       0x08002cc8   Section        0  usbd_conf.o(.text.USBD_LL_CloseEP)
    [Anonymous Symbol]                       0x08002cd8   Section        0  usbd_core.o(.text.USBD_LL_DataInStage)
    [Anonymous Symbol]                       0x08002d8c   Section        0  usbd_core.o(.text.USBD_LL_DataOutStage)
    [Anonymous Symbol]                       0x08002df8   Section        0  usbd_conf.o(.text.USBD_LL_Init)
    [Anonymous Symbol]                       0x08002ec8   Section        0  usbd_conf.o(.text.USBD_LL_IsStallEP)
    [Anonymous Symbol]                       0x08002ee4   Section        0  usbd_conf.o(.text.USBD_LL_OpenEP)
    [Anonymous Symbol]                       0x08002ef8   Section        0  usbd_conf.o(.text.USBD_LL_PrepareReceive)
    [Anonymous Symbol]                       0x08002f08   Section        0  usbd_core.o(.text.USBD_LL_Reset)
    [Anonymous Symbol]                       0x08002f48   Section        0  usbd_core.o(.text.USBD_LL_Resume)
    [Anonymous Symbol]                       0x08002f58   Section        0  usbd_core.o(.text.USBD_LL_SOF)
    [Anonymous Symbol]                       0x08002f74   Section        0  usbd_core.o(.text.USBD_LL_SetSpeed)
    [Anonymous Symbol]                       0x08002f7c   Section        0  usbd_conf.o(.text.USBD_LL_SetUSBAddress)
    [Anonymous Symbol]                       0x08002f8c   Section        0  usbd_core.o(.text.USBD_LL_SetupStage)
    [Anonymous Symbol]                       0x08002ff0   Section        0  usbd_conf.o(.text.USBD_LL_StallEP)
    [Anonymous Symbol]                       0x08003000   Section        0  usbd_conf.o(.text.USBD_LL_Start)
    [Anonymous Symbol]                       0x08003010   Section        0  usbd_core.o(.text.USBD_LL_Suspend)
    [Anonymous Symbol]                       0x08003024   Section        0  usbd_conf.o(.text.USBD_LL_Transmit)
    [Anonymous Symbol]                       0x08003034   Section        0  usbd_ctlreq.o(.text.USBD_ParseSetupRequest)
    [Anonymous Symbol]                       0x0800304c   Section        0  usbd_core.o(.text.USBD_RegisterClass)
    [Anonymous Symbol]                       0x0800305c   Section        0  usbd_core.o(.text.USBD_SetClassConfig)
    [Anonymous Symbol]                       0x08003078   Section        0  usbd_core.o(.text.USBD_Start)
    [Anonymous Symbol]                       0x08003084   Section        0  usbd_ctlreq.o(.text.USBD_StdDevReq)
    [Anonymous Symbol]                       0x0800331c   Section        0  usbd_ctlreq.o(.text.USBD_StdEPReq)
    [Anonymous Symbol]                       0x08003420   Section        0  usbd_ctlreq.o(.text.USBD_StdItfReq)
    [Anonymous Symbol]                       0x0800347c   Section        0  usbd_conf.o(.text.USBD_static_free)
    [Anonymous Symbol]                       0x08003480   Section        0  usbd_conf.o(.text.USBD_static_malloc)
    [Anonymous Symbol]                       0x0800348c   Section        0  stm32f1xx_ll_usb.o(.text.USB_ActivateEndpoint)
    [Anonymous Symbol]                       0x080036e0   Section        0  stm32f1xx_ll_usb.o(.text.USB_CoreInit)
    [Anonymous Symbol]                       0x080036e4   Section        0  stm32f1xx_ll_usb.o(.text.USB_DeactivateEndpoint)
    [Anonymous Symbol]                       0x080037c8   Section        0  stm32f1xx_ll_usb.o(.text.USB_DevConnect)
    [Anonymous Symbol]                       0x080037cc   Section        0  stm32f1xx_ll_usb.o(.text.USB_DevDisconnect)
    [Anonymous Symbol]                       0x080037d0   Section        0  stm32f1xx_ll_usb.o(.text.USB_DevInit)
    [Anonymous Symbol]                       0x080037ec   Section        0  stm32f1xx_ll_usb.o(.text.USB_DisableGlobalInt)
    [Anonymous Symbol]                       0x08003800   Section        0  stm32f1xx_ll_usb.o(.text.USB_EP0_OutStart)
    [Anonymous Symbol]                       0x08003804   Section        0  stm32f1xx_ll_usb.o(.text.USB_EPClearStall)
    [Anonymous Symbol]                       0x08003870   Section        0  stm32f1xx_ll_usb.o(.text.USB_EPSetStall)
    [Anonymous Symbol]                       0x080038cc   Section        0  stm32f1xx_ll_usb.o(.text.USB_EPStartXfer)
    [Anonymous Symbol]                       0x08003b44   Section        0  stm32f1xx_ll_usb.o(.text.USB_EnableGlobalInt)
    [Anonymous Symbol]                       0x08003b58   Section        0  stm32f1xx_it.o(.text.USB_LP_CAN1_RX0_IRQHandler)
    [Anonymous Symbol]                       0x08003b64   Section        0  stm32f1xx_ll_usb.o(.text.USB_ReadInterrupts)
    [Anonymous Symbol]                       0x08003b6c   Section        0  stm32f1xx_ll_usb.o(.text.USB_ReadPMA)
    [Anonymous Symbol]                       0x08003bf4   Section        0  stm32f1xx_ll_usb.o(.text.USB_SetCurrentMode)
    [Anonymous Symbol]                       0x08003bf8   Section        0  stm32f1xx_ll_usb.o(.text.USB_SetDevAddress)
    [Anonymous Symbol]                       0x08003c08   Section        0  stm32f1xx_ll_usb.o(.text.USB_WritePMA)
    [Anonymous Symbol]                       0x08003c90   Section        0  stm32f1xx_it.o(.text.UsageFault_Handler)
    [Anonymous Symbol]                       0x08003c94   Section        0  xinput.o(.text.XINPUT_buttonArrayUpdate)
    [Anonymous Symbol]                       0x08003d58   Section        0  xinput.o(.text.XINPUT_dpadUpdate)
    [Anonymous Symbol]                       0x08003da4   Section        0  xinput.o(.text.XINPUT_stickUpdate)
    [Anonymous Symbol]                       0x08003de8   Section        0  stm32_xinput.o(.text.declareAnalogPins)
    [Anonymous Symbol]                       0x08003e30   Section        0  stm32_xinput.o(.text.declareButtonPins)
    [Anonymous Symbol]                       0x08003ef8   Section        0  stm32_xinput.o(.text.declareEncoderPins)
    [Anonymous Symbol]                       0x08003f10   Section        0  main.o(.text.main)
    [Anonymous Symbol]                       0x08004120   Section        0  stm32_xinput.o(.text.readAdcValues)
    [Anonymous Symbol]                       0x080042d8   Section        0  stm32_xinput.o(.text.readButtons)
    [Anonymous Symbol]                       0x08004454   Section        0  stm32_xinput.o(.text.updateSticks)
    i.__scatterload_copy                     0x0800447e   Section       14  handlers.o(i.__scatterload_copy)
    i.__scatterload_null                     0x0800448c   Section        2  handlers.o(i.__scatterload_null)
    i.__scatterload_zeroinit                 0x0800448e   Section       14  handlers.o(i.__scatterload_zeroinit)
    .L.str.4                                 0x0800449c   Data         179  usbd_desc.o(.rodata..L.str.4)
    .L__const.HAL_RCC_GetSysClockFreq.aPredivFactorTable 0x0800454f   Data           2  stm32f1xx_hal_rcc.o(.rodata..L__const.HAL_RCC_GetSysClockFreq.aPredivFactorTable)
    .L__const.HAL_RCC_GetSysClockFreq.aPLLMULFactorTable 0x08004561   Data          16  stm32f1xx_hal_rcc.o(.rodata.cst16)
    CUSTOM_HID_ReportDesc_FS                 0x20000000   Data           2  usbd_custom_hid_if.o(.data.CUSTOM_HID_ReportDesc_FS)
    [Anonymous Symbol]                       0x20000000   Section        0  usbd_custom_hid_if.o(.data.CUSTOM_HID_ReportDesc_FS)
    USBD_CUSTOM_HID_CfgDesc                  0x20000074   Data         153  usbd_customhid.o(.data.USBD_CUSTOM_HID_CfgDesc)
    [Anonymous Symbol]                       0x20000074   Section        0  usbd_customhid.o(.data.USBD_CUSTOM_HID_CfgDesc)
    USBD_CUSTOM_HID_Desc                     0x20000110   Data           9  usbd_customhid.o(.data.USBD_CUSTOM_HID_Desc)
    [Anonymous Symbol]                       0x20000110   Section        0  usbd_customhid.o(.data.USBD_CUSTOM_HID_Desc)
    USBD_CUSTOM_HID_DeviceQualifierDesc      0x2000011c   Data          10  usbd_customhid.o(.data.USBD_CUSTOM_HID_DeviceQualifierDesc)
    [Anonymous Symbol]                       0x2000011c   Section        0  usbd_customhid.o(.data.USBD_CUSTOM_HID_DeviceQualifierDesc)
    .L_MergedGlobals                         0x20000158   Data          72  main.o(.bss..L_MergedGlobals)
    [Anonymous Symbol]                       0x20000158   Section        0  main.o(.bss..L_MergedGlobals)
    .L_MergedGlobals                         0x200001a0   Data          22  stm32_xinput.o(.bss..L_MergedGlobals)
    [Anonymous Symbol]                       0x200001a0   Section        0  stm32_xinput.o(.bss..L_MergedGlobals)
    USBD_SetConfig.cfgidx                    0x200001b6   Data           1  usbd_ctlreq.o(.bss.USBD_SetConfig.cfgidx)
    [Anonymous Symbol]                       0x200001b6   Section        0  usbd_ctlreq.o(.bss.USBD_SetConfig.cfgidx)
    USBD_static_malloc.mem                   0x200003b8   Data          28  usbd_conf.o(.bss.USBD_static_malloc.mem)
    [Anonymous Symbol]                       0x200003b8   Section        0  usbd_conf.o(.bss.USBD_static_malloc.mem)
    uwTick                                   0x20000b20   Data           4  stm32f1xx_hal.o(.bss.uwTick)
    [Anonymous Symbol]                       0x20000b20   Section        0  stm32f1xx_hal.o(.bss.uwTick)
    STACK                                    0x20000b28   Section     2048  startup_stm32f103xb.o(STACK)

    Global Symbols

    Symbol Name                              Value     Ov Type        Size  Object(Section)

    BuildAttributes$$THM_ISAv4$P$D$K$B$S$PE$A:L22UL41UL21$X:L11$S22US41US21$IEEE1$IW$~IW$USESV6$~STKCKD$USESV7$~SHL$OTIME$EBA8$MICROLIB$REQ8$PRES8$EABIv2 0x00000000   Number         0  anon$$obj.o ABSOLUTE
    __cpp_initialize__aeabi_                  - Undefined Weak Reference
    __cxa_finalize                            - Undefined Weak Reference
    _clock_init                               - Undefined Weak Reference
    _microlib_exit                            - Undefined Weak Reference
    __Vectors_Size                           0x000000ec   Number         0  startup_stm32f103xb.o ABSOLUTE
    __Vectors                                0x08000000   Data           4  startup_stm32f103xb.o(RESET)
    __Vectors_End                            0x080000ec   Data           0  startup_stm32f103xb.o(RESET)
    __main                                   0x080000ed   Thumb Code     0  entry.o(.ARM.Collect$$$$00000000)
    _main_stk                                0x080000ed   Thumb Code     0  entry2.o(.ARM.Collect$$$$00000001)
    _main_scatterload                        0x080000f1   Thumb Code     0  entry5.o(.ARM.Collect$$$$00000004)
    __main_after_scatterload                 0x080000f5   Thumb Code     0  entry5.o(.ARM.Collect$$$$00000004)
    _main_clock                              0x080000f5   Thumb Code     0  entry7b.o(.ARM.Collect$$$$00000008)
    _main_cpp_init                           0x080000f5   Thumb Code     0  entry8b.o(.ARM.Collect$$$$0000000A)
    _main_init                               0x080000f5   Thumb Code     0  entry9a.o(.ARM.Collect$$$$0000000B)
    __rt_final_cpp                           0x080000fd   Thumb Code     0  entry10a.o(.ARM.Collect$$$$0000000D)
    __rt_final_exit                          0x080000fd   Thumb Code     0  entry11a.o(.ARM.Collect$$$$0000000F)
    Reset_Handler                            0x08000101   Thumb Code     8  startup_stm32f103xb.o(.text)
    SVC_Handler                              0x08000113   Thumb Code     2  startup_stm32f103xb.o(.text)
    PendSV_Handler                           0x08000117   Thumb Code     2  startup_stm32f103xb.o(.text)
    ADC1_2_IRQHandler                        0x0800011b   Thumb Code     0  startup_stm32f103xb.o(.text)
    CAN1_RX1_IRQHandler                      0x0800011b   Thumb Code     0  startup_stm32f103xb.o(.text)
    CAN1_SCE_IRQHandler                      0x0800011b   Thumb Code     0  startup_stm32f103xb.o(.text)
    DMA1_Channel2_IRQHandler                 0x0800011b   Thumb Code     0  startup_stm32f103xb.o(.text)
    DMA1_Channel3_IRQHandler                 0x0800011b   Thumb Code     0  startup_stm32f103xb.o(.text)
    DMA1_Channel4_IRQHandler                 0x0800011b   Thumb Code     0  startup_stm32f103xb.o(.text)
    DMA1_Channel5_IRQHandler                 0x0800011b   Thumb Code     0  startup_stm32f103xb.o(.text)
    DMA1_Channel6_IRQHandler                 0x0800011b   Thumb Code     0  startup_stm32f103xb.o(.text)
    DMA1_Channel7_IRQHandler                 0x0800011b   Thumb Code     0  startup_stm32f103xb.o(.text)
    EXTI0_IRQHandler                         0x0800011b   Thumb Code     0  startup_stm32f103xb.o(.text)
    EXTI15_10_IRQHandler                     0x0800011b   Thumb Code     0  startup_stm32f103xb.o(.text)
    EXTI1_IRQHandler                         0x0800011b   Thumb Code     0  startup_stm32f103xb.o(.text)
    EXTI2_IRQHandler                         0x0800011b   Thumb Code     0  startup_stm32f103xb.o(.text)
    EXTI3_IRQHandler                         0x0800011b   Thumb Code     0  startup_stm32f103xb.o(.text)
    EXTI4_IRQHandler                         0x0800011b   Thumb Code     0  startup_stm32f103xb.o(.text)
    FLASH_IRQHandler                         0x0800011b   Thumb Code     0  startup_stm32f103xb.o(.text)
    I2C1_ER_IRQHandler                       0x0800011b   Thumb Code     0  startup_stm32f103xb.o(.text)
    I2C1_EV_IRQHandler                       0x0800011b   Thumb Code     0  startup_stm32f103xb.o(.text)
    I2C2_ER_IRQHandler                       0x0800011b   Thumb Code     0  startup_stm32f103xb.o(.text)
    I2C2_EV_IRQHandler                       0x0800011b   Thumb Code     0  startup_stm32f103xb.o(.text)
    PVD_IRQHandler                           0x0800011b   Thumb Code     0  startup_stm32f103xb.o(.text)
    RCC_IRQHandler                           0x0800011b   Thumb Code     0  startup_stm32f103xb.o(.text)
    RTC_Alarm_IRQHandler                     0x0800011b   Thumb Code     0  startup_stm32f103xb.o(.text)
    RTC_IRQHandler                           0x0800011b   Thumb Code     0  startup_stm32f103xb.o(.text)
    SPI1_IRQHandler                          0x0800011b   Thumb Code     0  startup_stm32f103xb.o(.text)
    SPI2_IRQHandler                          0x0800011b   Thumb Code     0  startup_stm32f103xb.o(.text)
    TAMPER_IRQHandler                        0x0800011b   Thumb Code     0  startup_stm32f103xb.o(.text)
    TIM1_BRK_IRQHandler                      0x0800011b   Thumb Code     0  startup_stm32f103xb.o(.text)
    TIM1_CC_IRQHandler                       0x0800011b   Thumb Code     0  startup_stm32f103xb.o(.text)
    TIM1_TRG_COM_IRQHandler                  0x0800011b   Thumb Code     0  startup_stm32f103xb.o(.text)
    TIM1_UP_IRQHandler                       0x0800011b   Thumb Code     0  startup_stm32f103xb.o(.text)
    TIM2_IRQHandler                          0x0800011b   Thumb Code     0  startup_stm32f103xb.o(.text)
    TIM3_IRQHandler                          0x0800011b   Thumb Code     0  startup_stm32f103xb.o(.text)
    TIM4_IRQHandler                          0x0800011b   Thumb Code     0  startup_stm32f103xb.o(.text)
    USART1_IRQHandler                        0x0800011b   Thumb Code     0  startup_stm32f103xb.o(.text)
    USART2_IRQHandler                        0x0800011b   Thumb Code     0  startup_stm32f103xb.o(.text)
    USART3_IRQHandler                        0x0800011b   Thumb Code     0  startup_stm32f103xb.o(.text)
    USBWakeUp_IRQHandler                     0x0800011b   Thumb Code     0  startup_stm32f103xb.o(.text)
    USB_HP_CAN1_TX_IRQHandler                0x0800011b   Thumb Code     0  startup_stm32f103xb.o(.text)
    WWDG_IRQHandler                          0x0800011b   Thumb Code     0  startup_stm32f103xb.o(.text)
    __scatterload                            0x08000125   Thumb Code    28  init.o(.text)
    __scatterload_rt2                        0x08000125   Thumb Code     0  init.o(.text)
    __decompress                             0x08000149   Thumb Code     0  __dczerorl2.o(.text)
    __decompress1                            0x08000149   Thumb Code    86  __dczerorl2.o(.text)
    ADC_DMAConvCplt                          0x080001a1   Thumb Code    82  stm32f1xx_hal_adc.o(.text.ADC_DMAConvCplt)
    ADC_DMAError                             0x080001f5   Thumb Code    22  stm32f1xx_hal_adc.o(.text.ADC_DMAError)
    ADC_DMAHalfConvCplt                      0x0800020d   Thumb Code     6  stm32f1xx_hal_adc.o(.text.ADC_DMAHalfConvCplt)
    BusFault_Handler                         0x08000215   Thumb Code     2  stm32f1xx_it.o(.text.BusFault_Handler)
    DMA1_Channel1_IRQHandler                 0x08000279   Thumb Code    12  stm32f1xx_it.o(.text.DMA1_Channel1_IRQHandler)
    DebugMon_Handler                         0x08000285   Thumb Code     2  stm32f1xx_it.o(.text.DebugMon_Handler)
    EXTI9_5_IRQHandler                       0x08000289   Thumb Code     8  stm32f1xx_it.o(.text.EXTI9_5_IRQHandler)
    HAL_ADC_ConfigChannel                    0x08000291   Thumb Code   508  stm32f1xx_hal_adc.o(.text.HAL_ADC_ConfigChannel)
    HAL_ADC_ConvCpltCallback                 0x0800048d   Thumb Code   108  main.o(.text.HAL_ADC_ConvCpltCallback)
    HAL_ADC_ConvHalfCpltCallback             0x080004f9   Thumb Code     2  stm32f1xx_hal_adc.o(.text.HAL_ADC_ConvHalfCpltCallback)
    HAL_ADC_ErrorCallback                    0x080004fd   Thumb Code     2  stm32f1xx_hal_adc.o(.text.HAL_ADC_ErrorCallback)
    HAL_ADC_Init                             0x08000501   Thumb Code   364  stm32f1xx_hal_adc.o(.text.HAL_ADC_Init)
    HAL_ADC_MspInit                          0x0800066d   Thumb Code   126  stm32f1xx_hal_msp.o(.text.HAL_ADC_MspInit)
    HAL_ADC_Start_DMA                        0x080006ed   Thumb Code   424  stm32f1xx_hal_adc.o(.text.HAL_ADC_Start_DMA)
    HAL_ADC_Start_IT                         0x08000895   Thumb Code   342  stm32f1xx_hal_adc.o(.text.HAL_ADC_Start_IT)
    HAL_DMA_IRQHandler                       0x080009ed   Thumb Code   792  stm32f1xx_hal_dma.o(.text.HAL_DMA_IRQHandler)
    HAL_DMA_Init                             0x08000d05   Thumb Code    94  stm32f1xx_hal_dma.o(.text.HAL_DMA_Init)
    HAL_DMA_Start_IT                         0x08000d65   Thumb Code   116  stm32f1xx_hal_dma.o(.text.HAL_DMA_Start_IT)
    HAL_Delay                                0x08000dd9   Thumb Code    28  stm32f1xx_hal.o(.text.HAL_Delay)
    HAL_GPIO_EXTI_Callback                   0x08000df5   Thumb Code     2  main.o(.text.HAL_GPIO_EXTI_Callback)
    HAL_GPIO_EXTI_IRQHandler                 0x08000df9   Thumb Code    22  stm32f1xx_hal_gpio.o(.text.HAL_GPIO_EXTI_IRQHandler)
    HAL_GPIO_Init                            0x08000e11   Thumb Code   522  stm32f1xx_hal_gpio.o(.text.HAL_GPIO_Init)
    HAL_GPIO_ReadPin                         0x0800101d   Thumb Code    10  stm32f1xx_hal_gpio.o(.text.HAL_GPIO_ReadPin)
    HAL_GetTick                              0x08001029   Thumb Code    12  stm32f1xx_hal.o(.text.HAL_GetTick)
    HAL_IncTick                              0x08001035   Thumb Code    16  stm32f1xx_hal.o(.text.HAL_IncTick)
    HAL_Init                                 0x08001045   Thumb Code    38  stm32f1xx_hal.o(.text.HAL_Init)
    HAL_InitTick                             0x0800106d   Thumb Code    42  stm32f1xx_hal.o(.text.HAL_InitTick)
    HAL_MspInit                              0x08001099   Thumb Code   116  stm32f1xx_hal_msp.o(.text.HAL_MspInit)
    HAL_NVIC_EnableIRQ                       0x0800110d   Thumb Code    26  stm32f1xx_hal_cortex.o(.text.HAL_NVIC_EnableIRQ)
    HAL_NVIC_SetPriority                     0x08001129   Thumb Code    86  stm32f1xx_hal_cortex.o(.text.HAL_NVIC_SetPriority)
    HAL_NVIC_SetPriorityGrouping             0x08001181   Thumb Code    32  stm32f1xx_hal_cortex.o(.text.HAL_NVIC_SetPriorityGrouping)
    HAL_PCDEx_PMAConfig                      0x080011a1   Thumb Code    48  stm32f1xx_hal_pcd_ex.o(.text.HAL_PCDEx_PMAConfig)
    HAL_PCDEx_SetConnectionState             0x080011d1   Thumb Code     2  usbd_conf.o(.text.HAL_PCDEx_SetConnectionState)
    HAL_PCD_DataInStageCallback              0x080011d5   Thumb Code    16  usbd_conf.o(.text.HAL_PCD_DataInStageCallback)
    HAL_PCD_DataOutStageCallback             0x080011e5   Thumb Code    18  usbd_conf.o(.text.HAL_PCD_DataOutStageCallback)
    HAL_PCD_EP_Close                         0x080011f9   Thumb Code    64  stm32f1xx_hal_pcd.o(.text.HAL_PCD_EP_Close)
    HAL_PCD_EP_ClrStall                      0x08001239   Thumb Code    70  stm32f1xx_hal_pcd.o(.text.HAL_PCD_EP_ClrStall)
    HAL_PCD_EP_Open                          0x08001281   Thumb Code    74  stm32f1xx_hal_pcd.o(.text.HAL_PCD_EP_Open)
    HAL_PCD_EP_Receive                       0x080012cd   Thumb Code    68  stm32f1xx_hal_pcd.o(.text.HAL_PCD_EP_Receive)
    HAL_PCD_EP_SetStall                      0x08001311   Thumb Code    90  stm32f1xx_hal_pcd.o(.text.HAL_PCD_EP_SetStall)
    HAL_PCD_EP_Transmit                      0x0800136d   Thumb Code    58  stm32f1xx_hal_pcd.o(.text.HAL_PCD_EP_Transmit)
    HAL_PCD_IRQHandler                       0x080013a9   Thumb Code  1322  stm32f1xx_hal_pcd.o(.text.HAL_PCD_IRQHandler)
    HAL_PCD_Init                             0x080018d5   Thumb Code   870  stm32f1xx_hal_pcd.o(.text.HAL_PCD_Init)
    HAL_PCD_MspInit                          0x08001c3d   Thumb Code    70  usbd_conf.o(.text.HAL_PCD_MspInit)
    HAL_PCD_ResetCallback                    0x08001c85   Thumb Code    26  usbd_conf.o(.text.HAL_PCD_ResetCallback)
    HAL_PCD_ResumeCallback                   0x08001ca1   Thumb Code     8  usbd_conf.o(.text.HAL_PCD_ResumeCallback)
    HAL_PCD_SOFCallback                      0x08001ca9   Thumb Code     8  usbd_conf.o(.text.HAL_PCD_SOFCallback)
    HAL_PCD_SetAddress                       0x08001cb1   Thumb Code    40  stm32f1xx_hal_pcd.o(.text.HAL_PCD_SetAddress)
    HAL_PCD_SetupStageCallback               0x08001cd9   Thumb Code    14  usbd_conf.o(.text.HAL_PCD_SetupStageCallback)
    HAL_PCD_Start                            0x08001ce9   Thumb Code    50  stm32f1xx_hal_pcd.o(.text.HAL_PCD_Start)
    HAL_PCD_SuspendCallback                  0x08001d1d   Thumb Code    38  usbd_conf.o(.text.HAL_PCD_SuspendCallback)
    HAL_RCCEx_PeriphCLKConfig                0x08001d45   Thumb Code   296  stm32f1xx_hal_rcc_ex.o(.text.HAL_RCCEx_PeriphCLKConfig)
    HAL_RCC_ClockConfig                      0x08001e6d   Thumb Code   624  stm32f1xx_hal_rcc.o(.text.HAL_RCC_ClockConfig)
    HAL_RCC_GetHCLKFreq                      0x080020dd   Thumb Code   162  stm32f1xx_hal_rcc.o(.text.HAL_RCC_GetHCLKFreq)
    HAL_RCC_OscConfig                        0x08002181   Thumb Code  1368  stm32f1xx_hal_rcc.o(.text.HAL_RCC_OscConfig)
    HAL_SYSTICK_CLKSourceConfig              0x080026d9   Thumb Code    24  stm32f1xx_hal_cortex.o(.text.HAL_SYSTICK_CLKSourceConfig)
    HAL_SYSTICK_Callback                     0x080026f1   Thumb Code     2  stm32f1xx_hal_cortex.o(.text.HAL_SYSTICK_Callback)
    HAL_SYSTICK_Config                       0x080026f5   Thumb Code    44  stm32f1xx_hal_cortex.o(.text.HAL_SYSTICK_Config)
    HAL_SYSTICK_IRQHandler                   0x08002721   Thumb Code     4  stm32f1xx_hal_cortex.o(.text.HAL_SYSTICK_IRQHandler)
    HardFault_Handler                        0x08002725   Thumb Code     2  stm32f1xx_it.o(.text.HardFault_Handler)
    MX_USB_DEVICE_Init                       0x08002729   Thumb Code    64  usb_device.o(.text.MX_USB_DEVICE_Init)
    MemManage_Handler                        0x08002769   Thumb Code     2  stm32f1xx_it.o(.text.MemManage_Handler)
    NMI_Handler                              0x0800276d   Thumb Code     2  stm32f1xx_it.o(.text.NMI_Handler)
    SysTick_Handler                          0x08002771   Thumb Code    14  stm32f1xx_it.o(.text.SysTick_Handler)
    SystemInit                               0x08002781   Thumb Code    80  system_stm32f1xx.o(.text.SystemInit)
    USBD_CUSTOM_HID_RegisterInterface        0x080028f9   Thumb Code    14  usbd_customhid.o(.text.USBD_CUSTOM_HID_RegisterInterface)
    USBD_CUSTOM_HID_SendReport               0x08002909   Thumb Code    44  usbd_customhid.o(.text.USBD_CUSTOM_HID_SendReport)
    USBD_ClrClassConfig                      0x08002a21   Thumb Code    14  usbd_core.o(.text.USBD_ClrClassConfig)
    USBD_CtlContinueRx                       0x08002a31   Thumb Code    16  usbd_ioreq.o(.text.USBD_CtlContinueRx)
    USBD_CtlContinueSendData                 0x08002a41   Thumb Code    16  usbd_ioreq.o(.text.USBD_CtlContinueSendData)
    USBD_CtlError                            0x08002a51   Thumb Code    22  usbd_ctlreq.o(.text.USBD_CtlError)
    USBD_CtlPrepareRx                        0x08002a69   Thumb Code    26  usbd_ioreq.o(.text.USBD_CtlPrepareRx)
    USBD_CtlReceiveStatus                    0x08002a85   Thumb Code    22  usbd_ioreq.o(.text.USBD_CtlReceiveStatus)
    USBD_CtlSendData                         0x08002a9d   Thumb Code    26  usbd_ioreq.o(.text.USBD_CtlSendData)
    USBD_CtlSendStatus                       0x08002ab9   Thumb Code    22  usbd_ioreq.o(.text.USBD_CtlSendStatus)
    USBD_FS_ConfigStrDescriptor              0x08002ad1   Thumb Code    24  usbd_desc.o(.text.USBD_FS_ConfigStrDescriptor)
    USBD_FS_DeviceDescriptor                 0x08002afd   Thumb Code    14  usbd_desc.o(.text.USBD_FS_DeviceDescriptor)
    USBD_FS_InterfaceStrDescriptor           0x08002b0d   Thumb Code    30  usbd_desc.o(.text.USBD_FS_InterfaceStrDescriptor)
    USBD_FS_LangIDStrDescriptor              0x08002b2d   Thumb Code    14  usbd_desc.o(.text.USBD_FS_LangIDStrDescriptor)
    USBD_FS_ManufacturerStrDescriptor        0x08002b3d   Thumb Code    24  usbd_desc.o(.text.USBD_FS_ManufacturerStrDescriptor)
    USBD_FS_ProductStrDescriptor             0x08002b61   Thumb Code    24  usbd_desc.o(.text.USBD_FS_ProductStrDescriptor)
    USBD_FS_SerialStrDescriptor              0x08002b85   Thumb Code    24  usbd_desc.o(.text.USBD_FS_SerialStrDescriptor)
    USBD_GetString                           0x08002bad   Thumb Code   218  usbd_ctlreq.o(.text.USBD_GetString)
    USBD_Init                                0x08002c89   Thumb Code    48  usbd_core.o(.text.USBD_Init)
    USBD_LL_ClearStallEP                     0x08002cb9   Thumb Code    14  usbd_conf.o(.text.USBD_LL_ClearStallEP)
    USBD_LL_CloseEP                          0x08002cc9   Thumb Code    14  usbd_conf.o(.text.USBD_LL_CloseEP)
    USBD_LL_DataInStage                      0x08002cd9   Thumb Code   178  usbd_core.o(.text.USBD_LL_DataInStage)
    USBD_LL_DataOutStage                     0x08002d8d   Thumb Code   106  usbd_core.o(.text.USBD_LL_DataOutStage)
    USBD_LL_Init                             0x08002df9   Thumb Code   208  usbd_conf.o(.text.USBD_LL_Init)
    USBD_LL_IsStallEP                        0x08002ec9   Thumb Code    28  usbd_conf.o(.text.USBD_LL_IsStallEP)
    USBD_LL_OpenEP                           0x08002ee5   Thumb Code    20  usbd_conf.o(.text.USBD_LL_OpenEP)
    USBD_LL_PrepareReceive                   0x08002ef9   Thumb Code    14  usbd_conf.o(.text.USBD_LL_PrepareReceive)
    USBD_LL_Reset                            0x08002f09   Thumb Code    62  usbd_core.o(.text.USBD_LL_Reset)
    USBD_LL_Resume                           0x08002f49   Thumb Code    14  usbd_core.o(.text.USBD_LL_Resume)
    USBD_LL_SOF                              0x08002f59   Thumb Code    26  usbd_core.o(.text.USBD_LL_SOF)
    USBD_LL_SetSpeed                         0x08002f75   Thumb Code     8  usbd_core.o(.text.USBD_LL_SetSpeed)
    USBD_LL_SetUSBAddress                    0x08002f7d   Thumb Code    14  usbd_conf.o(.text.USBD_LL_SetUSBAddress)
    USBD_LL_SetupStage                       0x08002f8d   Thumb Code    98  usbd_core.o(.text.USBD_LL_SetupStage)
    USBD_LL_StallEP                          0x08002ff1   Thumb Code    14  usbd_conf.o(.text.USBD_LL_StallEP)
    USBD_LL_Start                            0x08003001   Thumb Code    14  usbd_conf.o(.text.USBD_LL_Start)
    USBD_LL_Suspend                          0x08003011   Thumb Code    20  usbd_core.o(.text.USBD_LL_Suspend)
    USBD_LL_Transmit                         0x08003025   Thumb Code    14  usbd_conf.o(.text.USBD_LL_Transmit)
    USBD_ParseSetupRequest                   0x08003035   Thumb Code    22  usbd_ctlreq.o(.text.USBD_ParseSetupRequest)
    USBD_RegisterClass                       0x0800304d   Thumb Code    14  usbd_core.o(.text.USBD_RegisterClass)
    USBD_SetClassConfig                      0x0800305d   Thumb Code    28  usbd_core.o(.text.USBD_SetClassConfig)
    USBD_Start                               0x08003079   Thumb Code    10  usbd_core.o(.text.USBD_Start)
    USBD_StdDevReq                           0x08003085   Thumb Code   664  usbd_ctlreq.o(.text.USBD_StdDevReq)
    USBD_StdEPReq                            0x0800331d   Thumb Code   260  usbd_ctlreq.o(.text.USBD_StdEPReq)
    USBD_StdItfReq                           0x08003421   Thumb Code    92  usbd_ctlreq.o(.text.USBD_StdItfReq)
    USBD_static_free                         0x0800347d   Thumb Code     2  usbd_conf.o(.text.USBD_static_free)
    USBD_static_malloc                       0x08003481   Thumb Code    10  usbd_conf.o(.text.USBD_static_malloc)
    USB_ActivateEndpoint                     0x0800348d   Thumb Code   594  stm32f1xx_ll_usb.o(.text.USB_ActivateEndpoint)
    USB_CoreInit                             0x080036e1   Thumb Code     4  stm32f1xx_ll_usb.o(.text.USB_CoreInit)
    USB_DeactivateEndpoint                   0x080036e5   Thumb Code   226  stm32f1xx_ll_usb.o(.text.USB_DeactivateEndpoint)
    USB_DevConnect                           0x080037c9   Thumb Code     4  stm32f1xx_ll_usb.o(.text.USB_DevConnect)
    USB_DevDisconnect                        0x080037cd   Thumb Code     4  stm32f1xx_ll_usb.o(.text.USB_DevDisconnect)
    USB_DevInit                              0x080037d1   Thumb Code    26  stm32f1xx_ll_usb.o(.text.USB_DevInit)
    USB_DisableGlobalInt                     0x080037ed   Thumb Code    20  stm32f1xx_ll_usb.o(.text.USB_DisableGlobalInt)
    USB_EP0_OutStart                         0x08003801   Thumb Code     4  stm32f1xx_ll_usb.o(.text.USB_EP0_OutStart)
    USB_EPClearStall                         0x08003805   Thumb Code   108  stm32f1xx_ll_usb.o(.text.USB_EPClearStall)
    USB_EPSetStall                           0x08003871   Thumb Code    92  stm32f1xx_ll_usb.o(.text.USB_EPSetStall)
    USB_EPStartXfer                          0x080038cd   Thumb Code   630  stm32f1xx_ll_usb.o(.text.USB_EPStartXfer)
    USB_EnableGlobalInt                      0x08003b45   Thumb Code    18  stm32f1xx_ll_usb.o(.text.USB_EnableGlobalInt)
    USB_LP_CAN1_RX0_IRQHandler               0x08003b59   Thumb Code    12  stm32f1xx_it.o(.text.USB_LP_CAN1_RX0_IRQHandler)
    USB_ReadInterrupts                       0x08003b65   Thumb Code     6  stm32f1xx_ll_usb.o(.text.USB_ReadInterrupts)
    USB_ReadPMA                              0x08003b6d   Thumb Code   134  stm32f1xx_ll_usb.o(.text.USB_ReadPMA)
    USB_SetCurrentMode                       0x08003bf5   Thumb Code     4  stm32f1xx_ll_usb.o(.text.USB_SetCurrentMode)
    USB_SetDevAddress                        0x08003bf9   Thumb Code    14  stm32f1xx_ll_usb.o(.text.USB_SetDevAddress)
    USB_WritePMA                             0x08003c09   Thumb Code   134  stm32f1xx_ll_usb.o(.text.USB_WritePMA)
    UsageFault_Handler                       0x08003c91   Thumb Code     2  stm32f1xx_it.o(.text.UsageFault_Handler)
    XINPUT_buttonArrayUpdate                 0x08003c95   Thumb Code   196  xinput.o(.text.XINPUT_buttonArrayUpdate)
    XINPUT_dpadUpdate                        0x08003d59   Thumb Code    74  xinput.o(.text.XINPUT_dpadUpdate)
    XINPUT_stickUpdate                       0x08003da5   Thumb Code    66  xinput.o(.text.XINPUT_stickUpdate)
    declareAnalogPins                        0x08003de9   Thumb Code    70  stm32_xinput.o(.text.declareAnalogPins)
    declareButtonPins                        0x08003e31   Thumb Code   200  stm32_xinput.o(.text.declareButtonPins)
    declareEncoderPins                       0x08003ef9   Thumb Code    24  stm32_xinput.o(.text.declareEncoderPins)
    main                                     0x08003f11   Thumb Code   528  main.o(.text.main)
    readAdcValues                            0x08004121   Thumb Code   438  stm32_xinput.o(.text.readAdcValues)
    readButtons                              0x080042d9   Thumb Code   380  stm32_xinput.o(.text.readButtons)
    updateSticks                             0x08004455   Thumb Code    42  stm32_xinput.o(.text.updateSticks)
    __scatterload_copy                       0x0800447f   Thumb Code    14  handlers.o(i.__scatterload_copy)
    __scatterload_null                       0x0800448d   Thumb Code     2  handlers.o(i.__scatterload_null)
    __scatterload_zeroinit                   0x0800448f   Thumb Code    14  handlers.o(i.__scatterload_zeroinit)
    aAPBAHBPrescTable                        0x08004551   Data          16  stm32f1xx_hal_rcc.o(.rodata.aAPBAHBPrescTable)
    Region$$Table$$Base                      0x08004574   Number         0  anon$$obj.o(Region$$Table)
    Region$$Table$$Limit                     0x08004594   Number         0  anon$$obj.o(Region$$Table)
    FS_Desc                                  0x20000004   Data          28  usbd_desc.o(.data.FS_Desc)
    SystemCoreClock                          0x20000020   Data           4  system_stm32f1xx.o(.data.SystemCoreClock)
    TXData                                   0x20000024   Data          20  xinput.o(.data.TXData)
    USBD_CUSTOM_HID                          0x20000038   Data          60  usbd_customhid.o(.data.USBD_CUSTOM_HID)
    USBD_CustomHID_fops_FS                   0x20000128   Data          16  usbd_custom_hid_if.o(.data.USBD_CustomHID_fops_FS)
    USBD_FS_DeviceDesc                       0x20000138   Data          18  usbd_desc.o(.data.USBD_FS_DeviceDesc)
    USBD_LangIDDesc                          0x2000014c   Data           4  usbd_desc.o(.data.USBD_LangIDDesc)
    sendtag                                  0x20000150   Data           4  main.o(.data.sendtag)
    ADC_buffer                               0x20000158   Data          24  main.o(.bss..L_MergedGlobals)
    hadc1                                    0x20000170   Data          48  main.o(.bss..L_MergedGlobals)
    adcValueReady                            0x200001a0   Data           1  stm32_xinput.o(.bss..L_MergedGlobals)
    xLeftStickValue_ADC                      0x200001a2   Data           2  stm32_xinput.o(.bss..L_MergedGlobals)
    yLeftStickValue_ADC                      0x200001a4   Data           2  stm32_xinput.o(.bss..L_MergedGlobals)
    xRightStickValue_ADC                     0x200001a6   Data           2  stm32_xinput.o(.bss..L_MergedGlobals)
    yRightStickValue_ADC                     0x200001a8   Data           2  stm32_xinput.o(.bss..L_MergedGlobals)
    leftTriggerValue                         0x200001aa   Data           2  stm32_xinput.o(.bss..L_MergedGlobals)
    rightTriggerValue                        0x200001ac   Data           2  stm32_xinput.o(.bss..L_MergedGlobals)
    xLeftStickValue                          0x200001ae   Data           2  stm32_xinput.o(.bss..L_MergedGlobals)
    yLeftStickValue                          0x200001b0   Data           2  stm32_xinput.o(.bss..L_MergedGlobals)
    xRightStickValue                         0x200001b2   Data           2  stm32_xinput.o(.bss..L_MergedGlobals)
    yRightStickValue                         0x200001b4   Data           2  stm32_xinput.o(.bss..L_MergedGlobals)
    USBD_StrDesc                             0x200001b8   Data         512  usbd_desc.o(.bss.USBD_StrDesc)
    USB_RX_Buffer                            0x200003d4   Data           8  main.o(.bss.USB_RX_Buffer)
    analogArray                              0x200003dc   Data          56  stm32_xinput.o(.bss.analogArray)
    digitalArray                             0x20000414   Data         120  stm32_xinput.o(.bss.digitalArray)
    encoderPins                              0x2000048c   Data          16  stm32_xinput.o(.bss.encoderPins)
    hUsbDeviceFS                             0x2000049c   Data         548  usb_device.o(.bss.hUsbDeviceFS)
    hUsbDevice_0                             0x200006c0   Data           4  usbd_custom_hid_if.o(.bss.hUsbDevice_0)
    hdma_adc1                                0x200006c4   Data          56  main.o(.bss.hdma_adc1)
    hpcd_USB_FS                              0x200006fc   Data        1056  usbd_conf.o(.bss.hpcd_USB_FS)
    leftTriggerValue_ADC                     0x20000b1c   Data           2  stm32_xinput.o(.bss.leftTriggerValue_ADC)
    rightTriggerValue_ADC                    0x20000b1e   Data           2  stm32_xinput.o(.bss.rightTriggerValue_ADC)
    __initial_sp                             0x20001328   Data           0  startup_stm32f103xb.o(STACK)



==============================================================================

Memory Map of the image

  Image Entry point : 0x080000ed

  Load Region LR_IROM1 (Base: 0x08000000, Size: 0x000046f0, Max: 0x00010000, ABSOLUTE, COMPRESSED[0x00004688])

    Execution Region ER_IROM1 (Exec base: 0x08000000, Load base: 0x08000000, Size: 0x00004594, Max: 0x00010000, ABSOLUTE)

    Exec Addr    Load Addr    Size         Type   Attr      Idx    E Section Name        Object

    0x08000000   0x08000000   0x000000ec   Data   RO          265    RESET               startup_stm32f103xb.o
    0x080000ec   0x080000ec   0x00000000   Code   RO          944  * .ARM.Collect$$$$00000000  mc_w.l(entry.o)
    0x080000ec   0x080000ec   0x00000004   Code   RO          947    .ARM.Collect$$$$00000001  mc_w.l(entry2.o)
    0x080000f0   0x080000f0   0x00000004   Code   RO          950    .ARM.Collect$$$$00000004  mc_w.l(entry5.o)
    0x080000f4   0x080000f4   0x00000000   Code   RO          952    .ARM.Collect$$$$00000008  mc_w.l(entry7b.o)
    0x080000f4   0x080000f4   0x00000000   Code   RO          954    .ARM.Collect$$$$0000000A  mc_w.l(entry8b.o)
    0x080000f4   0x080000f4   0x00000008   Code   RO          955    .ARM.Collect$$$$0000000B  mc_w.l(entry9a.o)
    0x080000fc   0x080000fc   0x00000000   Code   RO          957    .ARM.Collect$$$$0000000D  mc_w.l(entry10a.o)
    0x080000fc   0x080000fc   0x00000000   Code   RO          959    .ARM.Collect$$$$0000000F  mc_w.l(entry11a.o)
    0x080000fc   0x080000fc   0x00000004   Code   RO          948    .ARM.Collect$$$$00002712  mc_w.l(entry2.o)
    0x08000100   0x08000100   0x00000024   Code   RO          266    .text               startup_stm32f103xb.o
    0x08000124   0x08000124   0x00000024   Code   RO          961    .text               mc_w.l(init.o)
    0x08000148   0x08000148   0x00000056   Code   RO          971    .text               mc_w.l(__dczerorl2.o)
    0x0800019e   0x0800019e   0x00000002   PAD
    0x080001a0   0x080001a0   0x00000052   Code   RO          561    .text.ADC_DMAConvCplt  stm32f1xx_hal_adc.o
    0x080001f2   0x080001f2   0x00000002   PAD
    0x080001f4   0x080001f4   0x00000016   Code   RO          565    .text.ADC_DMAError  stm32f1xx_hal_adc.o
    0x0800020a   0x0800020a   0x00000002   PAD
    0x0800020c   0x0800020c   0x00000006   Code   RO          563    .text.ADC_DMAHalfConvCplt  stm32f1xx_hal_adc.o
    0x08000212   0x08000212   0x00000002   PAD
    0x08000214   0x08000214   0x00000002   Code   RO          147    .text.BusFault_Handler  stm32f1xx_it.o
    0x08000216   0x08000216   0x00000002   PAD
    0x08000218   0x08000218   0x00000004   Code   RO           76    .text.CUSTOM_HID_DeInit_FS  usbd_custom_hid_if.o
    0x0800021c   0x0800021c   0x00000016   Code   RO           74    .text.CUSTOM_HID_Init_FS  usbd_custom_hid_if.o
    0x08000232   0x08000232   0x00000002   PAD
    0x08000234   0x08000234   0x00000044   Code   RO           78    .text.CUSTOM_HID_OutEvent_FS  usbd_custom_hid_if.o
    0x08000278   0x08000278   0x0000000c   Code   RO          155    .text.DMA1_Channel1_IRQHandler  stm32f1xx_it.o
    0x08000284   0x08000284   0x00000002   Code   RO          151    .text.DebugMon_Handler  stm32f1xx_it.o
    0x08000286   0x08000286   0x00000002   PAD
    0x08000288   0x08000288   0x00000008   Code   RO          159    .text.EXTI9_5_IRQHandler  stm32f1xx_it.o
    0x08000290   0x08000290   0x000001fc   Code   RO          581    .text.HAL_ADC_ConfigChannel  stm32f1xx_hal_adc.o
    0x0800048c   0x0800048c   0x0000006c   Code   RO          174    .text.HAL_ADC_ConvCpltCallback  main.o
    0x080004f8   0x080004f8   0x00000002   Code   RO          577    .text.HAL_ADC_ConvHalfCpltCallback  stm32f1xx_hal_adc.o
    0x080004fa   0x080004fa   0x00000002   PAD
    0x080004fc   0x080004fc   0x00000002   Code   RO          579    .text.HAL_ADC_ErrorCallback  stm32f1xx_hal_adc.o
    0x080004fe   0x080004fe   0x00000002   PAD
    0x08000500   0x08000500   0x0000016c   Code   RO          535    .text.HAL_ADC_Init  stm32f1xx_hal_adc.o
    0x0800066c   0x0800066c   0x0000007e   Code   RO           93    .text.HAL_ADC_MspInit  stm32f1xx_hal_msp.o
    0x080006ea   0x080006ea   0x00000002   PAD
    0x080006ec   0x080006ec   0x000001a8   Code   RO          559    .text.HAL_ADC_Start_DMA  stm32f1xx_hal_adc.o
    0x08000894   0x08000894   0x00000156   Code   RO          555    .text.HAL_ADC_Start_IT  stm32f1xx_hal_adc.o
    0x080009ea   0x080009ea   0x00000002   PAD
    0x080009ec   0x080009ec   0x00000318   Code   RO          665    .text.HAL_DMA_IRQHandler  stm32f1xx_hal_dma.o
    0x08000d04   0x08000d04   0x0000005e   Code   RO          653    .text.HAL_DMA_Init  stm32f1xx_hal_dma.o
    0x08000d62   0x08000d62   0x00000002   PAD
    0x08000d64   0x08000d64   0x00000074   Code   RO          659    .text.HAL_DMA_Start_IT  stm32f1xx_hal_dma.o
    0x08000dd8   0x08000dd8   0x0000001c   Code   RO          775    .text.HAL_Delay     stm32f1xx_hal.o
    0x08000df4   0x08000df4   0x00000002   Code   RO          172    .text.HAL_GPIO_EXTI_Callback  main.o
    0x08000df6   0x08000df6   0x00000002   PAD
    0x08000df8   0x08000df8   0x00000016   Code   RO          425    .text.HAL_GPIO_EXTI_IRQHandler  stm32f1xx_hal_gpio.o
    0x08000e0e   0x08000e0e   0x00000002   PAD
    0x08000e10   0x08000e10   0x0000020a   Code   RO          413    .text.HAL_GPIO_Init  stm32f1xx_hal_gpio.o
    0x0800101a   0x0800101a   0x00000002   PAD
    0x0800101c   0x0800101c   0x0000000a   Code   RO          417    .text.HAL_GPIO_ReadPin  stm32f1xx_hal_gpio.o
    0x08001026   0x08001026   0x00000002   PAD
    0x08001028   0x08001028   0x0000000c   Code   RO          773    .text.HAL_GetTick   stm32f1xx_hal.o
    0x08001034   0x08001034   0x00000010   Code   RO          771    .text.HAL_IncTick   stm32f1xx_hal.o
    0x08001044   0x08001044   0x00000026   Code   RO          761    .text.HAL_Init      stm32f1xx_hal.o
    0x0800106a   0x0800106a   0x00000002   PAD
    0x0800106c   0x0800106c   0x0000002a   Code   RO          763    .text.HAL_InitTick  stm32f1xx_hal.o
    0x08001096   0x08001096   0x00000002   PAD
    0x08001098   0x08001098   0x00000074   Code   RO           91    .text.HAL_MspInit   stm32f1xx_hal_msp.o
    0x0800110c   0x0800110c   0x0000001a   Code   RO          683    .text.HAL_NVIC_EnableIRQ  stm32f1xx_hal_cortex.o
    0x08001126   0x08001126   0x00000002   PAD
    0x08001128   0x08001128   0x00000056   Code   RO          681    .text.HAL_NVIC_SetPriority  stm32f1xx_hal_cortex.o
    0x0800117e   0x0800117e   0x00000002   PAD
    0x08001180   0x08001180   0x00000020   Code   RO          679    .text.HAL_NVIC_SetPriorityGrouping  stm32f1xx_hal_cortex.o
    0x080011a0   0x080011a0   0x00000030   Code   RO          437    .text.HAL_PCDEx_PMAConfig  stm32f1xx_hal_pcd_ex.o
    0x080011d0   0x080011d0   0x00000002   Code   RO           62    .text.HAL_PCDEx_SetConnectionState  usbd_conf.o
    0x080011d2   0x080011d2   0x00000002   PAD
    0x080011d4   0x080011d4   0x00000010   Code   RO           10    .text.HAL_PCD_DataInStageCallback  usbd_conf.o
    0x080011e4   0x080011e4   0x00000012   Code   RO            8    .text.HAL_PCD_DataOutStageCallback  usbd_conf.o
    0x080011f6   0x080011f6   0x00000002   PAD
    0x080011f8   0x080011f8   0x00000040   Code   RO          493    .text.HAL_PCD_EP_Close  stm32f1xx_hal_pcd.o
    0x08001238   0x08001238   0x00000046   Code   RO          503    .text.HAL_PCD_EP_ClrStall  stm32f1xx_hal_pcd.o
    0x0800127e   0x0800127e   0x00000002   PAD
    0x08001280   0x08001280   0x0000004a   Code   RO          491    .text.HAL_PCD_EP_Open  stm32f1xx_hal_pcd.o
    0x080012ca   0x080012ca   0x00000002   PAD
    0x080012cc   0x080012cc   0x00000044   Code   RO          495    .text.HAL_PCD_EP_Receive  stm32f1xx_hal_pcd.o
    0x08001310   0x08001310   0x0000005a   Code   RO          501    .text.HAL_PCD_EP_SetStall  stm32f1xx_hal_pcd.o
    0x0800136a   0x0800136a   0x00000002   PAD
    0x0800136c   0x0800136c   0x0000003a   Code   RO          499    .text.HAL_PCD_EP_Transmit  stm32f1xx_hal_pcd.o
    0x080013a6   0x080013a6   0x00000002   PAD
    0x080013a8   0x080013a8   0x0000052a   Code   RO          461    .text.HAL_PCD_IRQHandler  stm32f1xx_hal_pcd.o
    0x080018d2   0x080018d2   0x00000002   PAD
    0x080018d4   0x080018d4   0x00000366   Code   RO          449    .text.HAL_PCD_Init  stm32f1xx_hal_pcd.o
    0x08001c3a   0x08001c3a   0x00000002   PAD
    0x08001c3c   0x08001c3c   0x00000046   Code   RO            2    .text.HAL_PCD_MspInit  usbd_conf.o
    0x08001c82   0x08001c82   0x00000002   PAD
    0x08001c84   0x08001c84   0x0000001a   Code   RO           14    .text.HAL_PCD_ResetCallback  usbd_conf.o
    0x08001c9e   0x08001c9e   0x00000002   PAD
    0x08001ca0   0x08001ca0   0x00000008   Code   RO           18    .text.HAL_PCD_ResumeCallback  usbd_conf.o
    0x08001ca8   0x08001ca8   0x00000008   Code   RO           12    .text.HAL_PCD_SOFCallback  usbd_conf.o
    0x08001cb0   0x08001cb0   0x00000028   Code   RO          465    .text.HAL_PCD_SetAddress  stm32f1xx_hal_pcd.o
    0x08001cd8   0x08001cd8   0x0000000e   Code   RO            6    .text.HAL_PCD_SetupStageCallback  usbd_conf.o
    0x08001ce6   0x08001ce6   0x00000002   PAD
    0x08001ce8   0x08001ce8   0x00000032   Code   RO          459    .text.HAL_PCD_Start  stm32f1xx_hal_pcd.o
    0x08001d1a   0x08001d1a   0x00000002   PAD
    0x08001d1c   0x08001d1c   0x00000026   Code   RO           16    .text.HAL_PCD_SuspendCallback  usbd_conf.o
    0x08001d42   0x08001d42   0x00000002   PAD
    0x08001d44   0x08001d44   0x00000128   Code   RO          521    .text.HAL_RCCEx_PeriphCLKConfig  stm32f1xx_hal_rcc_ex.o
    0x08001e6c   0x08001e6c   0x00000270   Code   RO          378    .text.HAL_RCC_ClockConfig  stm32f1xx_hal_rcc.o
    0x080020dc   0x080020dc   0x000000a2   Code   RO          388    .text.HAL_RCC_GetHCLKFreq  stm32f1xx_hal_rcc.o
    0x0800217e   0x0800217e   0x00000002   PAD
    0x08002180   0x08002180   0x00000558   Code   RO          376    .text.HAL_RCC_OscConfig  stm32f1xx_hal_rcc.o
    0x080026d8   0x080026d8   0x00000018   Code   RO          703    .text.HAL_SYSTICK_CLKSourceConfig  stm32f1xx_hal_cortex.o
    0x080026f0   0x080026f0   0x00000002   Code   RO          707    .text.HAL_SYSTICK_Callback  stm32f1xx_hal_cortex.o
    0x080026f2   0x080026f2   0x00000002   PAD
    0x080026f4   0x080026f4   0x0000002c   Code   RO          689    .text.HAL_SYSTICK_Config  stm32f1xx_hal_cortex.o
    0x08002720   0x08002720   0x00000004   Code   RO          705    .text.HAL_SYSTICK_IRQHandler  stm32f1xx_hal_cortex.o
    0x08002724   0x08002724   0x00000002   Code   RO          143    .text.HardFault_Handler  stm32f1xx_it.o
    0x08002726   0x08002726   0x00000002   PAD
    0x08002728   0x08002728   0x00000040   Code   RO          132    .text.MX_USB_DEVICE_Init  usb_device.o
    0x08002768   0x08002768   0x00000002   Code   RO          145    .text.MemManage_Handler  stm32f1xx_it.o
    0x0800276a   0x0800276a   0x00000002   PAD
    0x0800276c   0x0800276c   0x00000002   Code   RO          141    .text.NMI_Handler   stm32f1xx_it.o
    0x0800276e   0x0800276e   0x00000002   PAD
    0x08002770   0x08002770   0x0000000e   Code   RO          153    .text.SysTick_Handler  stm32f1xx_it.o
    0x0800277e   0x0800277e   0x00000002   PAD
    0x08002780   0x08002780   0x00000050   Code   RO          808    .text.SystemInit    system_stm32f1xx.o
    0x080027d0   0x080027d0   0x0000000c   Code   RO          830    .text.USBD_CUSTOM_HID_DataIn  usbd_customhid.o
    0x080027dc   0x080027dc   0x0000003a   Code   RO          832    .text.USBD_CUSTOM_HID_DataOut  usbd_customhid.o
    0x08002816   0x08002816   0x00000002   PAD
    0x08002818   0x08002818   0x00000032   Code   RO          824    .text.USBD_CUSTOM_HID_DeInit  usbd_customhid.o
    0x0800284a   0x0800284a   0x00000002   PAD
    0x0800284c   0x0800284c   0x00000020   Code   RO          828    .text.USBD_CUSTOM_HID_EP0_RxReady  usbd_customhid.o
    0x0800286c   0x0800286c   0x00000010   Code   RO          834    .text.USBD_CUSTOM_HID_GetCfgDesc  usbd_customhid.o
    0x0800287c   0x0800287c   0x00000010   Code   RO          836    .text.USBD_CUSTOM_HID_GetDeviceQualifierDesc  usbd_customhid.o
    0x0800288c   0x0800288c   0x0000006c   Code   RO          822    .text.USBD_CUSTOM_HID_Init  usbd_customhid.o
    0x080028f8   0x080028f8   0x0000000e   Code   RO          840    .text.USBD_CUSTOM_HID_RegisterInterface  usbd_customhid.o
    0x08002906   0x08002906   0x00000002   PAD
    0x08002908   0x08002908   0x0000002c   Code   RO          838    .text.USBD_CUSTOM_HID_SendReport  usbd_customhid.o
    0x08002934   0x08002934   0x000000ec   Code   RO          826    .text.USBD_CUSTOM_HID_Setup  usbd_customhid.o
    0x08002a20   0x08002a20   0x0000000e   Code   RO          889    .text.USBD_ClrClassConfig  usbd_core.o
    0x08002a2e   0x08002a2e   0x00000002   PAD
    0x08002a30   0x08002a30   0x00000010   Code   RO          929    .text.USBD_CtlContinueRx  usbd_ioreq.o
    0x08002a40   0x08002a40   0x00000010   Code   RO          925    .text.USBD_CtlContinueSendData  usbd_ioreq.o
    0x08002a50   0x08002a50   0x00000016   Code   RO          856    .text.USBD_CtlError  usbd_ctlreq.o
    0x08002a66   0x08002a66   0x00000002   PAD
    0x08002a68   0x08002a68   0x0000001a   Code   RO          927    .text.USBD_CtlPrepareRx  usbd_ioreq.o
    0x08002a82   0x08002a82   0x00000002   PAD
    0x08002a84   0x08002a84   0x00000016   Code   RO          933    .text.USBD_CtlReceiveStatus  usbd_ioreq.o
    0x08002a9a   0x08002a9a   0x00000002   PAD
    0x08002a9c   0x08002a9c   0x0000001a   Code   RO          923    .text.USBD_CtlSendData  usbd_ioreq.o
    0x08002ab6   0x08002ab6   0x00000002   PAD
    0x08002ab8   0x08002ab8   0x00000016   Code   RO          931    .text.USBD_CtlSendStatus  usbd_ioreq.o
    0x08002ace   0x08002ace   0x00000002   PAD
    0x08002ad0   0x08002ad0   0x0000002c   Code   RO          115    .text.USBD_FS_ConfigStrDescriptor  usbd_desc.o
    0x08002afc   0x08002afc   0x0000000e   Code   RO          105    .text.USBD_FS_DeviceDescriptor  usbd_desc.o
    0x08002b0a   0x08002b0a   0x00000002   PAD
    0x08002b0c   0x08002b0c   0x0000001e   Code   RO          117    .text.USBD_FS_InterfaceStrDescriptor  usbd_desc.o
    0x08002b2a   0x08002b2a   0x00000002   PAD
    0x08002b2c   0x08002b2c   0x0000000e   Code   RO          107    .text.USBD_FS_LangIDStrDescriptor  usbd_desc.o
    0x08002b3a   0x08002b3a   0x00000002   PAD
    0x08002b3c   0x08002b3c   0x00000024   Code   RO          109    .text.USBD_FS_ManufacturerStrDescriptor  usbd_desc.o
    0x08002b60   0x08002b60   0x00000024   Code   RO          111    .text.USBD_FS_ProductStrDescriptor  usbd_desc.o
    0x08002b84   0x08002b84   0x00000028   Code   RO          113    .text.USBD_FS_SerialStrDescriptor  usbd_desc.o
    0x08002bac   0x08002bac   0x000000da   Code   RO          864    .text.USBD_GetString  usbd_ctlreq.o
    0x08002c86   0x08002c86   0x00000002   PAD
    0x08002c88   0x08002c88   0x00000030   Code   RO          875    .text.USBD_Init     usbd_core.o
    0x08002cb8   0x08002cb8   0x0000000e   Code   RO           44    .text.USBD_LL_ClearStallEP  usbd_conf.o
    0x08002cc6   0x08002cc6   0x00000002   PAD
    0x08002cc8   0x08002cc8   0x0000000e   Code   RO           38    .text.USBD_LL_CloseEP  usbd_conf.o
    0x08002cd6   0x08002cd6   0x00000002   PAD
    0x08002cd8   0x08002cd8   0x000000b2   Code   RO          895    .text.USBD_LL_DataInStage  usbd_core.o
    0x08002d8a   0x08002d8a   0x00000002   PAD
    0x08002d8c   0x08002d8c   0x0000006a   Code   RO          893    .text.USBD_LL_DataOutStage  usbd_core.o
    0x08002df6   0x08002df6   0x00000002   PAD
    0x08002df8   0x08002df8   0x000000d0   Code   RO           28    .text.USBD_LL_Init  usbd_conf.o
    0x08002ec8   0x08002ec8   0x0000001c   Code   RO           46    .text.USBD_LL_IsStallEP  usbd_conf.o
    0x08002ee4   0x08002ee4   0x00000014   Code   RO           36    .text.USBD_LL_OpenEP  usbd_conf.o
    0x08002ef8   0x08002ef8   0x0000000e   Code   RO           52    .text.USBD_LL_PrepareReceive  usbd_conf.o
    0x08002f06   0x08002f06   0x00000002   PAD
    0x08002f08   0x08002f08   0x0000003e   Code   RO          897    .text.USBD_LL_Reset  usbd_core.o
    0x08002f46   0x08002f46   0x00000002   PAD
    0x08002f48   0x08002f48   0x0000000e   Code   RO          903    .text.USBD_LL_Resume  usbd_core.o
    0x08002f56   0x08002f56   0x00000002   PAD
    0x08002f58   0x08002f58   0x0000001a   Code   RO          905    .text.USBD_LL_SOF   usbd_core.o
    0x08002f72   0x08002f72   0x00000002   PAD
    0x08002f74   0x08002f74   0x00000008   Code   RO          899    .text.USBD_LL_SetSpeed  usbd_core.o
    0x08002f7c   0x08002f7c   0x0000000e   Code   RO           48    .text.USBD_LL_SetUSBAddress  usbd_conf.o
    0x08002f8a   0x08002f8a   0x00000002   PAD
    0x08002f8c   0x08002f8c   0x00000062   Code   RO          891    .text.USBD_LL_SetupStage  usbd_core.o
    0x08002fee   0x08002fee   0x00000002   PAD
    0x08002ff0   0x08002ff0   0x0000000e   Code   RO           42    .text.USBD_LL_StallEP  usbd_conf.o
    0x08002ffe   0x08002ffe   0x00000002   PAD
    0x08003000   0x08003000   0x0000000e   Code   RO           32    .text.USBD_LL_Start  usbd_conf.o
    0x0800300e   0x0800300e   0x00000002   PAD
    0x08003010   0x08003010   0x00000014   Code   RO          901    .text.USBD_LL_Suspend  usbd_core.o
    0x08003024   0x08003024   0x0000000e   Code   RO           50    .text.USBD_LL_Transmit  usbd_conf.o
    0x08003032   0x08003032   0x00000002   PAD
    0x08003034   0x08003034   0x00000016   Code   RO          862    .text.USBD_ParseSetupRequest  usbd_ctlreq.o
    0x0800304a   0x0800304a   0x00000002   PAD
    0x0800304c   0x0800304c   0x0000000e   Code   RO          879    .text.USBD_RegisterClass  usbd_core.o
    0x0800305a   0x0800305a   0x00000002   PAD
    0x0800305c   0x0800305c   0x0000001c   Code   RO          887    .text.USBD_SetClassConfig  usbd_core.o
    0x08003078   0x08003078   0x0000000a   Code   RO          881    .text.USBD_Start    usbd_core.o
    0x08003082   0x08003082   0x00000002   PAD
    0x08003084   0x08003084   0x00000298   Code   RO          854    .text.USBD_StdDevReq  usbd_ctlreq.o
    0x0800331c   0x0800331c   0x00000104   Code   RO          860    .text.USBD_StdEPReq  usbd_ctlreq.o
    0x08003420   0x08003420   0x0000005c   Code   RO          858    .text.USBD_StdItfReq  usbd_ctlreq.o
    0x0800347c   0x0800347c   0x00000002   Code   RO           60    .text.USBD_static_free  usbd_conf.o
    0x0800347e   0x0800347e   0x00000002   PAD
    0x08003480   0x08003480   0x0000000a   Code   RO           58    .text.USBD_static_malloc  usbd_conf.o
    0x0800348a   0x0800348a   0x00000002   PAD
    0x0800348c   0x0800348c   0x00000252   Code   RO          288    .text.USB_ActivateEndpoint  stm32f1xx_ll_usb.o
    0x080036de   0x080036de   0x00000002   PAD
    0x080036e0   0x080036e0   0x00000004   Code   RO          274    .text.USB_CoreInit  stm32f1xx_ll_usb.o
    0x080036e4   0x080036e4   0x000000e2   Code   RO          290    .text.USB_DeactivateEndpoint  stm32f1xx_ll_usb.o
    0x080037c6   0x080037c6   0x00000002   PAD
    0x080037c8   0x080037c8   0x00000004   Code   RO          308    .text.USB_DevConnect  stm32f1xx_ll_usb.o
    0x080037cc   0x080037cc   0x00000004   Code   RO          310    .text.USB_DevDisconnect  stm32f1xx_ll_usb.o
    0x080037d0   0x080037d0   0x0000001a   Code   RO          282    .text.USB_DevInit   stm32f1xx_ll_usb.o
    0x080037ea   0x080037ea   0x00000002   PAD
    0x080037ec   0x080037ec   0x00000014   Code   RO          278    .text.USB_DisableGlobalInt  stm32f1xx_ll_usb.o
    0x08003800   0x08003800   0x00000004   Code   RO          324    .text.USB_EP0_OutStart  stm32f1xx_ll_usb.o
    0x08003804   0x08003804   0x0000006c   Code   RO          302    .text.USB_EPClearStall  stm32f1xx_ll_usb.o
    0x08003870   0x08003870   0x0000005c   Code   RO          300    .text.USB_EPSetStall  stm32f1xx_ll_usb.o
    0x080038cc   0x080038cc   0x00000276   Code   RO          292    .text.USB_EPStartXfer  stm32f1xx_ll_usb.o
    0x08003b42   0x08003b42   0x00000002   PAD
    0x08003b44   0x08003b44   0x00000012   Code   RO          276    .text.USB_EnableGlobalInt  stm32f1xx_ll_usb.o
    0x08003b56   0x08003b56   0x00000002   PAD
    0x08003b58   0x08003b58   0x0000000c   Code   RO          157    .text.USB_LP_CAN1_RX0_IRQHandler  stm32f1xx_it.o
    0x08003b64   0x08003b64   0x00000006   Code   RO          312    .text.USB_ReadInterrupts  stm32f1xx_ll_usb.o
    0x08003b6a   0x08003b6a   0x00000002   PAD
    0x08003b6c   0x08003b6c   0x00000086   Code   RO          330    .text.USB_ReadPMA   stm32f1xx_ll_usb.o
    0x08003bf2   0x08003bf2   0x00000002   PAD
    0x08003bf4   0x08003bf4   0x00000004   Code   RO          280    .text.USB_SetCurrentMode  stm32f1xx_ll_usb.o
    0x08003bf8   0x08003bf8   0x0000000e   Code   RO          306    .text.USB_SetDevAddress  stm32f1xx_ll_usb.o
    0x08003c06   0x08003c06   0x00000002   PAD
    0x08003c08   0x08003c08   0x00000086   Code   RO          294    .text.USB_WritePMA  stm32f1xx_ll_usb.o
    0x08003c8e   0x08003c8e   0x00000002   PAD
    0x08003c90   0x08003c90   0x00000002   Code   RO          149    .text.UsageFault_Handler  stm32f1xx_it.o
    0x08003c92   0x08003c92   0x00000002   PAD
    0x08003c94   0x08003c94   0x000000c4   Code   RO          197    .text.XINPUT_buttonArrayUpdate  xinput.o
    0x08003d58   0x08003d58   0x0000004a   Code   RO          199    .text.XINPUT_dpadUpdate  xinput.o
    0x08003da2   0x08003da2   0x00000002   PAD
    0x08003da4   0x08003da4   0x00000042   Code   RO          205    .text.XINPUT_stickUpdate  xinput.o
    0x08003de6   0x08003de6   0x00000002   PAD
    0x08003de8   0x08003de8   0x00000046   Code   RO          232    .text.declareAnalogPins  stm32_xinput.o
    0x08003e2e   0x08003e2e   0x00000002   PAD
    0x08003e30   0x08003e30   0x000000c8   Code   RO          230    .text.declareButtonPins  stm32_xinput.o
    0x08003ef8   0x08003ef8   0x00000018   Code   RO          234    .text.declareEncoderPins  stm32_xinput.o
    0x08003f10   0x08003f10   0x00000210   Code   RO          168    .text.main          main.o
    0x08004120   0x08004120   0x000001b6   Code   RO          238    .text.readAdcValues  stm32_xinput.o
    0x080042d6   0x080042d6   0x00000002   PAD
    0x080042d8   0x080042d8   0x0000017c   Code   RO          236    .text.readButtons   stm32_xinput.o
    0x08004454   0x08004454   0x0000002a   Code   RO          246    .text.updateSticks  stm32_xinput.o
    0x0800447e   0x0800447e   0x0000000e   Code   RO          965    i.__scatterload_copy  mc_w.l(handlers.o)
    0x0800448c   0x0800448c   0x00000002   Code   RO          966    i.__scatterload_null  mc_w.l(handlers.o)
    0x0800448e   0x0800448e   0x0000000e   Code   RO          967    i.__scatterload_zeroinit  mc_w.l(handlers.o)
    0x0800449c   0x0800449c   0x000000b3   Data   RO          123    .rodata..L.str.4    usbd_desc.o
    0x0800454f   0x0800454f   0x00000002   Data   RO          404    .rodata..L__const.HAL_RCC_GetSysClockFreq.aPredivFactorTable  stm32f1xx_hal_rcc.o
    0x08004551   0x08004551   0x00000010   Data   RO          402    .rodata.aAPBAHBPrescTable  stm32f1xx_hal_rcc.o
    0x08004561   0x08004561   0x00000010   Data   RO          403    .rodata.cst16       stm32f1xx_hal_rcc.o
    0x08004571   0x08004571   0x00000003   PAD
    0x08004574   0x08004574   0x00000020   Data   RO          964    Region$$Table       anon$$obj.o


    Execution Region RW_IRAM1 (Exec base: 0x20000000, Load base: 0x08004598, Size: 0x00001328, Max: 0x00005000, ABSOLUTE, COMPRESSED[0x000000f0])

    Exec Addr    Load Addr    Size         Type   Attr      Idx    E Section Name        Object

    0x20000000   COMPRESSED   0x00000002   Data   RW           80    .data.CUSTOM_HID_ReportDesc_FS  usbd_custom_hid_if.o
    0x20000002   COMPRESSED   0x00000002   PAD
    0x20000004   COMPRESSED   0x0000001c   Data   RW          119    .data.FS_Desc       usbd_desc.o
    0x20000020   COMPRESSED   0x00000004   Data   RW          812    .data.SystemCoreClock  system_stm32f1xx.o
    0x20000024   COMPRESSED   0x00000014   Data   RW          215    .data.TXData        xinput.o
    0x20000038   COMPRESSED   0x0000003c   Data   RW          842    .data.USBD_CUSTOM_HID  usbd_customhid.o
    0x20000074   COMPRESSED   0x00000099   Data   RW          844    .data.USBD_CUSTOM_HID_CfgDesc  usbd_customhid.o
    0x2000010d   COMPRESSED   0x00000003   PAD
    0x20000110   COMPRESSED   0x00000009   Data   RW          843    .data.USBD_CUSTOM_HID_Desc  usbd_customhid.o
    0x20000119   COMPRESSED   0x00000003   PAD
    0x2000011c   COMPRESSED   0x0000000a   Data   RW          845    .data.USBD_CUSTOM_HID_DeviceQualifierDesc  usbd_customhid.o
    0x20000126   COMPRESSED   0x00000002   PAD
    0x20000128   COMPRESSED   0x00000010   Data   RW           81    .data.USBD_CustomHID_fops_FS  usbd_custom_hid_if.o
    0x20000138   COMPRESSED   0x00000012   Data   RW          120    .data.USBD_FS_DeviceDesc  usbd_desc.o
    0x2000014a   COMPRESSED   0x00000002   PAD
    0x2000014c   COMPRESSED   0x00000004   Data   RW          121    .data.USBD_LangIDDesc  usbd_desc.o
    0x20000150   COMPRESSED   0x00000004   Data   RW          178    .data.sendtag       main.o
    0x20000154   COMPRESSED   0x00000004   PAD
    0x20000158        -       0x00000048   Zero   RW          181    .bss..L_MergedGlobals  main.o
    0x200001a0        -       0x00000016   Zero   RW          255    .bss..L_MergedGlobals  stm32_xinput.o
    0x200001b6        -       0x00000001   Zero   RW          866    .bss.USBD_SetConfig.cfgidx  usbd_ctlreq.o
    0x200001b7   COMPRESSED   0x00000001   PAD
    0x200001b8        -       0x00000200   Zero   RW          122    .bss.USBD_StrDesc   usbd_desc.o
    0x200003b8        -       0x0000001c   Zero   RW           65    .bss.USBD_static_malloc.mem  usbd_conf.o
    0x200003d4        -       0x00000008   Zero   RW          176    .bss.USB_RX_Buffer  main.o
    0x200003dc        -       0x00000038   Zero   RW          253    .bss.analogArray    stm32_xinput.o
    0x20000414        -       0x00000078   Zero   RW          252    .bss.digitalArray   stm32_xinput.o
    0x2000048c        -       0x00000010   Zero   RW          254    .bss.encoderPins    stm32_xinput.o
    0x2000049c        -       0x00000224   Zero   RW          134    .bss.hUsbDeviceFS   usb_device.o
    0x200006c0        -       0x00000004   Zero   RW           82    .bss.hUsbDevice_0   usbd_custom_hid_if.o
    0x200006c4        -       0x00000038   Zero   RW          179    .bss.hdma_adc1      main.o
    0x200006fc        -       0x00000420   Zero   RW           64    .bss.hpcd_USB_FS    usbd_conf.o
    0x20000b1c        -       0x00000002   Zero   RW          250    .bss.leftTriggerValue_ADC  stm32_xinput.o
    0x20000b1e        -       0x00000002   Zero   RW          251    .bss.rightTriggerValue_ADC  stm32_xinput.o
    0x20000b20        -       0x00000004   Zero   RW          799    .bss.uwTick         stm32f1xx_hal.o
    0x20000b24   COMPRESSED   0x00000004   PAD
    0x20000b28        -       0x00000800   Zero   RW          263    STACK               startup_stm32f103xb.o


==============================================================================

Image component sizes


      Code (inc. data)   RO Data    RW Data    ZI Data      Debug   Object Name

       638          0          0          4        136       6951   main.o
        36          8        236          0       2048        780   startup_stm32f103xb.o
      1154          0          0          0        218       6385   stm32_xinput.o
       136          0          0          0          4       4839   stm32f1xx_hal.o
      1752          0          0          0          0      13777   stm32f1xx_hal_adc.o
       218          0          0          0          0       8105   stm32f1xx_hal_cortex.o
      1002          0          0          0          0       6797   stm32f1xx_hal_dma.o
       554         22          0          0          0       4628   stm32f1xx_hal_gpio.o
       242          0          0          0          0       4964   stm32f1xx_hal_msp.o
      2706          0          0          0          0      12860   stm32f1xx_hal_pcd.o
        48          0          0          0          0       3258   stm32f1xx_hal_pcd_ex.o
      2154          0         34          0          0      11019   stm32f1xx_hal_rcc.o
       296          0          0          0          0       4025   stm32f1xx_hal_rcc_ex.o
        58          0          0          0          0       4502   stm32f1xx_it.o
      2022          4          0          0          0      13240   stm32f1xx_ll_usb.o
        80          0          0          4          0       2205   system_stm32f1xx.o
        64          0          0          0        548       3285   usb_device.o
       566          0          0          0       1084      13519   usbd_conf.o
       626          0          0          0          0       7257   usbd_core.o
      1278         36          0          0          1       7798   usbd_ctlreq.o
        94          0          0         18          4       4073   usbd_custom_hid_if.o
       586         10          0        232          0       7738   usbd_customhid.o
       214         60        179         50        512       2723   usbd_desc.o
       128          0          0          0          0       4378   usbd_ioreq.o
       336          0          0         20          0       5429   xinput.o

    ----------------------------------------------------------------------
     17154        140        484        340       4564     164535   Object Totals
         0          0         32          0          0          0   (incl. Generated)
       166          0          3         12          9          0   (incl. Padding)

    ----------------------------------------------------------------------

      Code (inc. data)   RO Data    RW Data    ZI Data      Debug   Library Member Name

        86          0          0          0          0          0   __dczerorl2.o
         0          0          0          0          0          0   entry.o
         0          0          0          0          0          0   entry10a.o
         0          0          0          0          0          0   entry11a.o
         8          4          0          0          0          0   entry2.o
         4          0          0          0          0          0   entry5.o
         0          0          0          0          0          0   entry7b.o
         0          0          0          0          0          0   entry8b.o
         8          4          0          0          0          0   entry9a.o
        30          0          0          0          0          0   handlers.o
        36          8          0          0          0         68   init.o

    ----------------------------------------------------------------------
       174         16          0          0          0         68   Library Totals
         2          0          0          0          0          0   (incl. Padding)

    ----------------------------------------------------------------------

      Code (inc. data)   RO Data    RW Data    ZI Data      Debug   Library Name

       172         16          0          0          0         68   mc_w.l

    ----------------------------------------------------------------------
       174         16          0          0          0         68   Library Totals

    ----------------------------------------------------------------------

==============================================================================


      Code (inc. data)   RO Data    RW Data    ZI Data      Debug   

     17328        156        484        340       4564     164375   Grand Totals
     17328        156        484        240       4564     164375   ELF Image Totals (compressed)
     17328        156        484        240          0          0   ROM Totals

==============================================================================

    Total RO  Size (Code + RO Data)                17812 (  17.39kB)
    Total RW  Size (RW Data + ZI Data)              4904 (   4.79kB)
    Total ROM Size (Code + RO Data + RW Data)      18052 (  17.63kB)

==============================================================================

